Archive member included to satisfy reference by file (symbol)

d:/st/stm32cubeide_1.5.1/stm32cubeide/plugins/com.st.stm32cube.ide.mcu.externaltools.gnu-tools-for-stm32.7-2018-q2-update.win32_1.5.0.202011040924/tools/bin/../lib/gcc/arm-none-eabi/7.3.1/../../../../arm-none-eabi/lib/thumb/v7e-m/fpv5/hard\libc_nano.a(lib_a-errno.o)
                              Core/Src/syscalls.o (__errno)
d:/st/stm32cubeide_1.5.1/stm32cubeide/plugins/com.st.stm32cube.ide.mcu.externaltools.gnu-tools-for-stm32.7-2018-q2-update.win32_1.5.0.202011040924/tools/bin/../lib/gcc/arm-none-eabi/7.3.1/../../../../arm-none-eabi/lib/thumb/v7e-m/fpv5/hard\libc_nano.a(lib_a-exit.o)
                              d:/st/stm32cubeide_1.5.1/stm32cubeide/plugins/com.st.stm32cube.ide.mcu.externaltools.gnu-tools-for-stm32.7-2018-q2-update.win32_1.5.0.202011040924/tools/bin/../lib/gcc/arm-none-eabi/7.3.1/../../../../arm-none-eabi/lib/thumb/v7e-m/fpv5/hard/crt0.o (exit)
d:/st/stm32cubeide_1.5.1/stm32cubeide/plugins/com.st.stm32cube.ide.mcu.externaltools.gnu-tools-for-stm32.7-2018-q2-update.win32_1.5.0.202011040924/tools/bin/../lib/gcc/arm-none-eabi/7.3.1/../../../../arm-none-eabi/lib/thumb/v7e-m/fpv5/hard\libc_nano.a(lib_a-impure.o)
                              d:/st/stm32cubeide_1.5.1/stm32cubeide/plugins/com.st.stm32cube.ide.mcu.externaltools.gnu-tools-for-stm32.7-2018-q2-update.win32_1.5.0.202011040924/tools/bin/../lib/gcc/arm-none-eabi/7.3.1/../../../../arm-none-eabi/lib/thumb/v7e-m/fpv5/hard\libc_nano.a(lib_a-exit.o) (_global_impure_ptr)
d:/st/stm32cubeide_1.5.1/stm32cubeide/plugins/com.st.stm32cube.ide.mcu.externaltools.gnu-tools-for-stm32.7-2018-q2-update.win32_1.5.0.202011040924/tools/bin/../lib/gcc/arm-none-eabi/7.3.1/../../../../arm-none-eabi/lib/thumb/v7e-m/fpv5/hard\libc_nano.a(lib_a-init.o)
                              d:/st/stm32cubeide_1.5.1/stm32cubeide/plugins/com.st.stm32cube.ide.mcu.externaltools.gnu-tools-for-stm32.7-2018-q2-update.win32_1.5.0.202011040924/tools/bin/../lib/gcc/arm-none-eabi/7.3.1/../../../../arm-none-eabi/lib/thumb/v7e-m/fpv5/hard/crt0.o (__libc_init_array)
d:/st/stm32cubeide_1.5.1/stm32cubeide/plugins/com.st.stm32cube.ide.mcu.externaltools.gnu-tools-for-stm32.7-2018-q2-update.win32_1.5.0.202011040924/tools/bin/../lib/gcc/arm-none-eabi/7.3.1/../../../../arm-none-eabi/lib/thumb/v7e-m/fpv5/hard\libc_nano.a(lib_a-memset.o)
                              d:/st/stm32cubeide_1.5.1/stm32cubeide/plugins/com.st.stm32cube.ide.mcu.externaltools.gnu-tools-for-stm32.7-2018-q2-update.win32_1.5.0.202011040924/tools/bin/../lib/gcc/arm-none-eabi/7.3.1/../../../../arm-none-eabi/lib/thumb/v7e-m/fpv5/hard/crt0.o (memset)
d:/st/stm32cubeide_1.5.1/stm32cubeide/plugins/com.st.stm32cube.ide.mcu.externaltools.gnu-tools-for-stm32.7-2018-q2-update.win32_1.5.0.202011040924/tools/bin/../lib/gcc/arm-none-eabi/7.3.1/thumb/v7e-m/fpv5/hard\libgcc.a(_aeabi_uldivmod.o)
                              Drivers/STM32F7xx_HAL_Driver/Src/stm32f7xx_hal_rcc.o (__aeabi_uldivmod)
d:/st/stm32cubeide_1.5.1/stm32cubeide/plugins/com.st.stm32cube.ide.mcu.externaltools.gnu-tools-for-stm32.7-2018-q2-update.win32_1.5.0.202011040924/tools/bin/../lib/gcc/arm-none-eabi/7.3.1/thumb/v7e-m/fpv5/hard\libgcc.a(_udivmoddi4.o)
                              d:/st/stm32cubeide_1.5.1/stm32cubeide/plugins/com.st.stm32cube.ide.mcu.externaltools.gnu-tools-for-stm32.7-2018-q2-update.win32_1.5.0.202011040924/tools/bin/../lib/gcc/arm-none-eabi/7.3.1/thumb/v7e-m/fpv5/hard\libgcc.a(_aeabi_uldivmod.o) (__udivmoddi4)
d:/st/stm32cubeide_1.5.1/stm32cubeide/plugins/com.st.stm32cube.ide.mcu.externaltools.gnu-tools-for-stm32.7-2018-q2-update.win32_1.5.0.202011040924/tools/bin/../lib/gcc/arm-none-eabi/7.3.1/thumb/v7e-m/fpv5/hard\libgcc.a(_dvmd_tls.o)
                              d:/st/stm32cubeide_1.5.1/stm32cubeide/plugins/com.st.stm32cube.ide.mcu.externaltools.gnu-tools-for-stm32.7-2018-q2-update.win32_1.5.0.202011040924/tools/bin/../lib/gcc/arm-none-eabi/7.3.1/thumb/v7e-m/fpv5/hard\libgcc.a(_aeabi_uldivmod.o) (__aeabi_ldiv0)

Allocating common symbols
Common symbol       size              file

retSD               0x1               FATFS/App/fatfs.o
hdma_sdmmc2_tx      0x60              Core/Src/main.o
uwTick              0x4               Drivers/STM32F7xx_HAL_Driver/Src/stm32f7xx_hal.o
pFlash              0x1c              Drivers/STM32F7xx_HAL_Driver/Src/stm32f7xx_hal_flash.o
htim3               0x4c              Core/Src/stm32f7xx_hal_timebase_tim.o
hsd2                0x84              Core/Src/main.o
hdma_sdmmc2_rx      0x60              Core/Src/main.o
SDPath              0x4               FATFS/App/fatfs.o
SDFile              0x230             FATFS/App/fatfs.o
SDFatFS             0x234             FATFS/App/fatfs.o

Discarded input sections

[...]
Memory Configuration

Name             Origin             Length             Attributes
RAM              0x0000000020000000 0x0000000000080000 xrw
FLASH            0x0000000008000000 0x0000000000200000 xr
*default*        0x0000000000000000 0xffffffffffffffff

Linker script and memory map

LOAD d:/st/stm32cubeide_1.5.1/stm32cubeide/plugins/com.st.stm32cube.ide.mcu.externaltools.gnu-tools-for-stm32.7-2018-q2-update.win32_1.5.0.202011040924/tools/bin/../lib/gcc/arm-none-eabi/7.3.1/thumb/v7e-m/fpv5/hard/crti.o
LOAD d:/st/stm32cubeide_1.5.1/stm32cubeide/plugins/com.st.stm32cube.ide.mcu.externaltools.gnu-tools-for-stm32.7-2018-q2-update.win32_1.5.0.202011040924/tools/bin/../lib/gcc/arm-none-eabi/7.3.1/thumb/v7e-m/fpv5/hard/crtbegin.o
LOAD d:/st/stm32cubeide_1.5.1/stm32cubeide/plugins/com.st.stm32cube.ide.mcu.externaltools.gnu-tools-for-stm32.7-2018-q2-update.win32_1.5.0.202011040924/tools/bin/../lib/gcc/arm-none-eabi/7.3.1/../../../../arm-none-eabi/lib/thumb/v7e-m/fpv5/hard/crt0.o
LOAD Core/Src/main.o
LOAD Core/Src/stm32f7xx_hal_msp.o
LOAD Core/Src/stm32f7xx_hal_timebase_tim.o
LOAD Core/Src/stm32f7xx_it.o
LOAD Core/Src/syscalls.o
LOAD Core/Src/sysmem.o
LOAD Core/Src/system_stm32f7xx.o
LOAD Core/Startup/startup_stm32f767zitx.o
LOAD Drivers/STM32F7xx_HAL_Driver/Src/stm32f7xx_hal.o
LOAD Drivers/STM32F7xx_HAL_Driver/Src/stm32f7xx_hal_cortex.o
LOAD Drivers/STM32F7xx_HAL_Driver/Src/stm32f7xx_hal_dma.o
LOAD Drivers/STM32F7xx_HAL_Driver/Src/stm32f7xx_hal_dma_ex.o
LOAD Drivers/STM32F7xx_HAL_Driver/Src/stm32f7xx_hal_exti.o
LOAD Drivers/STM32F7xx_HAL_Driver/Src/stm32f7xx_hal_flash.o
LOAD Drivers/STM32F7xx_HAL_Driver/Src/stm32f7xx_hal_flash_ex.o
LOAD Drivers/STM32F7xx_HAL_Driver/Src/stm32f7xx_hal_gpio.o
LOAD Drivers/STM32F7xx_HAL_Driver/Src/stm32f7xx_hal_i2c.o
LOAD Drivers/STM32F7xx_HAL_Driver/Src/stm32f7xx_hal_i2c_ex.o
LOAD Drivers/STM32F7xx_HAL_Driver/Src/stm32f7xx_hal_pwr.o
LOAD Drivers/STM32F7xx_HAL_Driver/Src/stm32f7xx_hal_pwr_ex.o
LOAD Drivers/STM32F7xx_HAL_Driver/Src/stm32f7xx_hal_rcc.o
LOAD Drivers/STM32F7xx_HAL_Driver/Src/stm32f7xx_hal_rcc_ex.o
LOAD Drivers/STM32F7xx_HAL_Driver/Src/stm32f7xx_hal_sd.o
LOAD Drivers/STM32F7xx_HAL_Driver/Src/stm32f7xx_hal_tim.o
LOAD Drivers/STM32F7xx_HAL_Driver/Src/stm32f7xx_hal_tim_ex.o
LOAD Drivers/STM32F7xx_HAL_Driver/Src/stm32f7xx_ll_sdmmc.o
LOAD FATFS/App/fatfs.o
LOAD FATFS/Target/bsp_driver_sd.o
LOAD FATFS/Target/fatfs_platform.o
LOAD FATFS/Target/sd_diskio.o
LOAD Middlewares/Third_Party/FatFs/src/diskio.o
LOAD Middlewares/Third_Party/FatFs/src/ff.o
LOAD Middlewares/Third_Party/FatFs/src/ff_gen_drv.o
LOAD Middlewares/Third_Party/FatFs/src/option/ccsbcs.o
LOAD Middlewares/Third_Party/FatFs/src/option/syscall.o
START GROUP
LOAD d:/st/stm32cubeide_1.5.1/stm32cubeide/plugins/com.st.stm32cube.ide.mcu.externaltools.gnu-tools-for-stm32.7-2018-q2-update.win32_1.5.0.202011040924/tools/bin/../lib/gcc/arm-none-eabi/7.3.1/../../../../arm-none-eabi/lib/thumb/v7e-m/fpv5/hard\libc_nano.a
LOAD d:/st/stm32cubeide_1.5.1/stm32cubeide/plugins/com.st.stm32cube.ide.mcu.externaltools.gnu-tools-for-stm32.7-2018-q2-update.win32_1.5.0.202011040924/tools/bin/../lib/gcc/arm-none-eabi/7.3.1/../../../../arm-none-eabi/lib/thumb/v7e-m/fpv5/hard\libm.a
END GROUP
START GROUP
LOAD d:/st/stm32cubeide_1.5.1/stm32cubeide/plugins/com.st.stm32cube.ide.mcu.externaltools.gnu-tools-for-stm32.7-2018-q2-update.win32_1.5.0.202011040924/tools/bin/../lib/gcc/arm-none-eabi/7.3.1/thumb/v7e-m/fpv5/hard\libgcc.a
LOAD d:/st/stm32cubeide_1.5.1/stm32cubeide/plugins/com.st.stm32cube.ide.mcu.externaltools.gnu-tools-for-stm32.7-2018-q2-update.win32_1.5.0.202011040924/tools/bin/../lib/gcc/arm-none-eabi/7.3.1/../../../../arm-none-eabi/lib/thumb/v7e-m/fpv5/hard\libc_nano.a
END GROUP
START GROUP
LOAD d:/st/stm32cubeide_1.5.1/stm32cubeide/plugins/com.st.stm32cube.ide.mcu.externaltools.gnu-tools-for-stm32.7-2018-q2-update.win32_1.5.0.202011040924/tools/bin/../lib/gcc/arm-none-eabi/7.3.1/thumb/v7e-m/fpv5/hard\libgcc.a
LOAD d:/st/stm32cubeide_1.5.1/stm32cubeide/plugins/com.st.stm32cube.ide.mcu.externaltools.gnu-tools-for-stm32.7-2018-q2-update.win32_1.5.0.202011040924/tools/bin/../lib/gcc/arm-none-eabi/7.3.1/../../../../arm-none-eabi/lib/thumb/v7e-m/fpv5/hard\libc_nano.a
LOAD d:/st/stm32cubeide_1.5.1/stm32cubeide/plugins/com.st.stm32cube.ide.mcu.externaltools.gnu-tools-for-stm32.7-2018-q2-update.win32_1.5.0.202011040924/tools/bin/../lib/gcc/arm-none-eabi/7.3.1/../../../../arm-none-eabi/lib/thumb/v7e-m/fpv5/hard\libnosys.a
END GROUP
START GROUP
LOAD d:/st/stm32cubeide_1.5.1/stm32cubeide/plugins/com.st.stm32cube.ide.mcu.externaltools.gnu-tools-for-stm32.7-2018-q2-update.win32_1.5.0.202011040924/tools/bin/../lib/gcc/arm-none-eabi/7.3.1/thumb/v7e-m/fpv5/hard\libgcc.a
LOAD d:/st/stm32cubeide_1.5.1/stm32cubeide/plugins/com.st.stm32cube.ide.mcu.externaltools.gnu-tools-for-stm32.7-2018-q2-update.win32_1.5.0.202011040924/tools/bin/../lib/gcc/arm-none-eabi/7.3.1/../../../../arm-none-eabi/lib/thumb/v7e-m/fpv5/hard\libc_nano.a
LOAD d:/st/stm32cubeide_1.5.1/stm32cubeide/plugins/com.st.stm32cube.ide.mcu.externaltools.gnu-tools-for-stm32.7-2018-q2-update.win32_1.5.0.202011040924/tools/bin/../lib/gcc/arm-none-eabi/7.3.1/../../../../arm-none-eabi/lib/thumb/v7e-m/fpv5/hard\libnosys.a
END GROUP
LOAD d:/st/stm32cubeide_1.5.1/stm32cubeide/plugins/com.st.stm32cube.ide.mcu.externaltools.gnu-tools-for-stm32.7-2018-q2-update.win32_1.5.0.202011040924/tools/bin/../lib/gcc/arm-none-eabi/7.3.1/thumb/v7e-m/fpv5/hard/crtend.o
LOAD d:/st/stm32cubeide_1.5.1/stm32cubeide/plugins/com.st.stm32cube.ide.mcu.externaltools.gnu-tools-for-stm32.7-2018-q2-update.win32_1.5.0.202011040924/tools/bin/../lib/gcc/arm-none-eabi/7.3.1/thumb/v7e-m/fpv5/hard/crtn.o
                0x0000000020080000                _estack = (ORIGIN (RAM) + LENGTH (RAM))
                0x0000000000000400                _Min_Heap_Size = 0x400
                0x0000000000000800                _Min_Stack_Size = 0x800

.isr_vector     0x0000000008000000      0x1f8
                0x0000000008000000                . = ALIGN (0x4)
 *(.isr_vector)
 .isr_vector    0x0000000008000000      0x1f8 Core/Startup/startup_stm32f767zitx.o
                0x0000000008000000                g_pfnVectors
                0x00000000080001f8                . = ALIGN (0x4)

.text           0x00000000080001f8     0x7f8c
                0x00000000080001f8                . = ALIGN (0x4)
 *(.text)
 .text          0x00000000080001f8       0x40 d:/st/stm32cubeide_1.5.1/stm32cubeide/plugins/com.st.stm32cube.ide.mcu.externaltools.gnu-tools-for-stm32.7-2018-q2-update.win32_1.5.0.202011040924/tools/bin/../lib/gcc/arm-none-eabi/7.3.1/thumb/v7e-m/fpv5/hard/crtbegin.o
 .text          0x0000000008000238       0x30 d:/st/stm32cubeide_1.5.1/stm32cubeide/plugins/com.st.stm32cube.ide.mcu.externaltools.gnu-tools-for-stm32.7-2018-q2-update.win32_1.5.0.202011040924/tools/bin/../lib/gcc/arm-none-eabi/7.3.1/thumb/v7e-m/fpv5/hard\libgcc.a(_aeabi_uldivmod.o)
                0x0000000008000238                __aeabi_uldivmod
 .text          0x0000000008000268      0x2cc d:/st/stm32cubeide_1.5.1/stm32cubeide/plugins/com.st.stm32cube.ide.mcu.externaltools.gnu-tools-for-stm32.7-2018-q2-update.win32_1.5.0.202011040924/tools/bin/../lib/gcc/arm-none-eabi/7.3.1/thumb/v7e-m/fpv5/hard\libgcc.a(_udivmoddi4.o)
                0x0000000008000268                __udivmoddi4
 .text          0x0000000008000534        0x4 d:/st/stm32cubeide_1.5.1/stm32cubeide/plugins/com.st.stm32cube.ide.mcu.externaltools.gnu-tools-for-stm32.7-2018-q2-update.win32_1.5.0.202011040924/tools/bin/../lib/gcc/arm-none-eabi/7.3.1/thumb/v7e-m/fpv5/hard\libgcc.a(_dvmd_tls.o)
                0x0000000008000534                __aeabi_idiv0
                0x0000000008000534                __aeabi_ldiv0
 *(.text*)
 .text.main     0x0000000008000538      0x108 Core/Src/main.o
                0x0000000008000538                main
 .text.SystemClock_Config
                0x0000000008000640      0x118 Core/Src/main.o
                0x0000000008000640                SystemClock_Config
 .text.MX_SDMMC2_SD_Init
                0x0000000008000758       0x40 Core/Src/main.o
 .text.MX_DMA_Init
                0x0000000008000798       0x4c Core/Src/main.o
 .text.MX_GPIO_Init
                0x00000000080007e4       0xb8 Core/Src/main.o
 .text.HAL_TIM_PeriodElapsedCallback
                0x000000000800089c       0x24 Core/Src/main.o
                0x000000000800089c                HAL_TIM_PeriodElapsedCallback
 .text.Error_Handler
                0x00000000080008c0        0x8 Core/Src/main.o
                0x00000000080008c0                Error_Handler
 .text.HAL_MspInit
                0x00000000080008c8       0x48 Core/Src/stm32f7xx_hal_msp.o
                0x00000000080008c8                HAL_MspInit
 .text.HAL_SD_MspInit
                0x0000000008000910      0x250 Core/Src/stm32f7xx_hal_msp.o
                0x0000000008000910                HAL_SD_MspInit
 .text.HAL_InitTick
                0x0000000008000b60       0xb0 Core/Src/stm32f7xx_hal_timebase_tim.o
                0x0000000008000b60                HAL_InitTick
 .text.NMI_Handler
                0x0000000008000c10        0x6 Core/Src/stm32f7xx_it.o
                0x0000000008000c10                NMI_Handler
 .text.HardFault_Handler
                0x0000000008000c16        0x6 Core/Src/stm32f7xx_it.o
                0x0000000008000c16                HardFault_Handler
 .text.MemManage_Handler
                0x0000000008000c1c        0x6 Core/Src/stm32f7xx_it.o
                0x0000000008000c1c                MemManage_Handler
 .text.BusFault_Handler
                0x0000000008000c22        0x6 Core/Src/stm32f7xx_it.o
                0x0000000008000c22                BusFault_Handler
 .text.UsageFault_Handler
                0x0000000008000c28        0x6 Core/Src/stm32f7xx_it.o
                0x0000000008000c28                UsageFault_Handler
 .text.SVC_Handler
                0x0000000008000c2e        0xe Core/Src/stm32f7xx_it.o
                0x0000000008000c2e                SVC_Handler
 .text.DebugMon_Handler
                0x0000000008000c3c        0xe Core/Src/stm32f7xx_it.o
                0x0000000008000c3c                DebugMon_Handler
 .text.PendSV_Handler
                0x0000000008000c4a        0xe Core/Src/stm32f7xx_it.o
                0x0000000008000c4a                PendSV_Handler
 .text.SysTick_Handler
                0x0000000008000c58        0xe Core/Src/stm32f7xx_it.o
                0x0000000008000c58                SysTick_Handler
 *fill*         0x0000000008000c66        0x2 
 .text.TIM3_IRQHandler
                0x0000000008000c68       0x14 Core/Src/stm32f7xx_it.o
                0x0000000008000c68                TIM3_IRQHandler
 .text.DMA2_Stream0_IRQHandler
                0x0000000008000c7c       0x14 Core/Src/stm32f7xx_it.o
                0x0000000008000c7c                DMA2_Stream0_IRQHandler
 .text.DMA2_Stream5_IRQHandler
                0x0000000008000c90       0x14 Core/Src/stm32f7xx_it.o
                0x0000000008000c90                DMA2_Stream5_IRQHandler
 .text.SDMMC2_IRQHandler
                0x0000000008000ca4       0x14 Core/Src/stm32f7xx_it.o
                0x0000000008000ca4                SDMMC2_IRQHandler
 .text.SystemInit
                0x0000000008000cb8       0x24 Core/Src/system_stm32f7xx.o
                0x0000000008000cb8                SystemInit
 .text.Reset_Handler
                0x0000000008000cdc       0x50 Core/Startup/startup_stm32f767zitx.o
                0x0000000008000cdc                Reset_Handler
 .text.Default_Handler
                0x0000000008000d2c        0x2 Core/Startup/startup_stm32f767zitx.o
                0x0000000008000d2c                RTC_Alarm_IRQHandler
                0x0000000008000d2c                EXTI2_IRQHandler
                0x0000000008000d2c                TIM8_CC_IRQHandler
                0x0000000008000d2c                UART8_IRQHandler
                0x0000000008000d2c                SPI4_IRQHandler
                0x0000000008000d2c                TIM1_CC_IRQHandler
                0x0000000008000d2c                JPEG_IRQHandler
                0x0000000008000d2c                DMA1_Stream5_IRQHandler
                0x0000000008000d2c                CAN3_RX1_IRQHandler
                0x0000000008000d2c                PVD_IRQHandler
                0x0000000008000d2c                TAMP_STAMP_IRQHandler
                0x0000000008000d2c                CAN2_RX1_IRQHandler
                0x0000000008000d2c                EXTI3_IRQHandler
                0x0000000008000d2c                TIM8_TRG_COM_TIM14_IRQHandler
                0x0000000008000d2c                DFSDM1_FLT1_IRQHandler
                0x0000000008000d2c                TIM1_UP_TIM10_IRQHandler
                0x0000000008000d2c                TIM8_UP_TIM13_IRQHandler
                0x0000000008000d2c                I2C3_ER_IRQHandler
                0x0000000008000d2c                DFSDM1_FLT2_IRQHandler
                0x0000000008000d2c                EXTI0_IRQHandler
                0x0000000008000d2c                I2C2_EV_IRQHandler
                0x0000000008000d2c                DMA1_Stream2_IRQHandler
                0x0000000008000d2c                CAN1_RX0_IRQHandler
                0x0000000008000d2c                FPU_IRQHandler
                0x0000000008000d2c                OTG_HS_WKUP_IRQHandler
                0x0000000008000d2c                CAN3_SCE_IRQHandler
                0x0000000008000d2c                LTDC_ER_IRQHandler
                0x0000000008000d2c                CAN2_SCE_IRQHandler
                0x0000000008000d2c                DMA2_Stream2_IRQHandler
                0x0000000008000d2c                SPI1_IRQHandler
                0x0000000008000d2c                TIM6_DAC_IRQHandler
                0x0000000008000d2c                TIM1_BRK_TIM9_IRQHandler
                0x0000000008000d2c                DCMI_IRQHandler
                0x0000000008000d2c                CAN2_RX0_IRQHandler
                0x0000000008000d2c                DMA2_Stream3_IRQHandler
                0x0000000008000d2c                SAI2_IRQHandler
                0x0000000008000d2c                DFSDM1_FLT3_IRQHandler
                0x0000000008000d2c                USART6_IRQHandler
                0x0000000008000d2c                CAN3_RX0_IRQHandler
                0x0000000008000d2c                USART3_IRQHandler
                0x0000000008000d2c                CAN1_RX1_IRQHandler
                0x0000000008000d2c                UART5_IRQHandler
                0x0000000008000d2c                TIM4_IRQHandler
                0x0000000008000d2c                QUADSPI_IRQHandler
                0x0000000008000d2c                I2C1_EV_IRQHandler
                0x0000000008000d2c                DMA1_Stream6_IRQHandler
                0x0000000008000d2c                DMA1_Stream1_IRQHandler
                0x0000000008000d2c                UART4_IRQHandler
                0x0000000008000d2c                RCC_IRQHandler
                0x0000000008000d2c                TIM8_BRK_TIM12_IRQHandler
                0x0000000008000d2c                Default_Handler
                0x0000000008000d2c                CEC_IRQHandler
                0x0000000008000d2c                EXTI15_10_IRQHandler
                0x0000000008000d2c                ADC_IRQHandler
                0x0000000008000d2c                DMA1_Stream7_IRQHandler
                0x0000000008000d2c                SPI5_IRQHandler
                0x0000000008000d2c                TIM7_IRQHandler
                0x0000000008000d2c                SDMMC1_IRQHandler
                0x0000000008000d2c                CAN2_TX_IRQHandler
                0x0000000008000d2c                TIM5_IRQHandler
                0x0000000008000d2c                DMA2_Stream7_IRQHandler
                0x0000000008000d2c                I2C3_EV_IRQHandler
                0x0000000008000d2c                EXTI9_5_IRQHandler
                0x0000000008000d2c                RTC_WKUP_IRQHandler
                0x0000000008000d2c                LTDC_IRQHandler
                0x0000000008000d2c                ETH_WKUP_IRQHandler
                0x0000000008000d2c                SPDIF_RX_IRQHandler
                0x0000000008000d2c                SPI2_IRQHandler
                0x0000000008000d2c                OTG_HS_EP1_IN_IRQHandler
                0x0000000008000d2c                DMA1_Stream0_IRQHandler
                0x0000000008000d2c                CAN1_TX_IRQHandler
                0x0000000008000d2c                EXTI4_IRQHandler
                0x0000000008000d2c                RNG_IRQHandler
                0x0000000008000d2c                ETH_IRQHandler
                0x0000000008000d2c                OTG_HS_EP1_OUT_IRQHandler
                0x0000000008000d2c                WWDG_IRQHandler
                0x0000000008000d2c                SPI6_IRQHandler
                0x0000000008000d2c                MDIOS_IRQHandler
                0x0000000008000d2c                I2C4_EV_IRQHandler
                0x0000000008000d2c                CAN3_TX_IRQHandler
                0x0000000008000d2c                TIM2_IRQHandler
                0x0000000008000d2c                OTG_FS_WKUP_IRQHandler
                0x0000000008000d2c                TIM1_TRG_COM_TIM11_IRQHandler
                0x0000000008000d2c                OTG_HS_IRQHandler
                0x0000000008000d2c                DMA2D_IRQHandler
                0x0000000008000d2c                EXTI1_IRQHandler
                0x0000000008000d2c                UART7_IRQHandler
                0x0000000008000d2c                USART2_IRQHandler
                0x0000000008000d2c                DFSDM1_FLT0_IRQHandler
                0x0000000008000d2c                I2C2_ER_IRQHandler
                0x0000000008000d2c                DMA2_Stream1_IRQHandler
                0x0000000008000d2c                CAN1_SCE_IRQHandler
                0x0000000008000d2c                FLASH_IRQHandler
                0x0000000008000d2c                DMA2_Stream4_IRQHandler
                0x0000000008000d2c                USART1_IRQHandler
                0x0000000008000d2c                OTG_FS_IRQHandler
                0x0000000008000d2c                SPI3_IRQHandler
                0x0000000008000d2c                DMA1_Stream4_IRQHandler
                0x0000000008000d2c                I2C1_ER_IRQHandler
                0x0000000008000d2c                FMC_IRQHandler
                0x0000000008000d2c                LPTIM1_IRQHandler
                0x0000000008000d2c                I2C4_ER_IRQHandler
                0x0000000008000d2c                DMA2_Stream6_IRQHandler
                0x0000000008000d2c                SAI1_IRQHandler
                0x0000000008000d2c                DMA1_Stream3_IRQHandler
 .text.HAL_Init
                0x0000000008000d2e       0x1a Drivers/STM32F7xx_HAL_Driver/Src/stm32f7xx_hal.o
                0x0000000008000d2e                HAL_Init
 .text.HAL_IncTick
                0x0000000008000d48       0x28 Drivers/STM32F7xx_HAL_Driver/Src/stm32f7xx_hal.o
                0x0000000008000d48                HAL_IncTick
 .text.HAL_GetTick
                0x0000000008000d70       0x18 Drivers/STM32F7xx_HAL_Driver/Src/stm32f7xx_hal.o
                0x0000000008000d70                HAL_GetTick
 .text.HAL_Delay
                0x0000000008000d88       0x44 Drivers/STM32F7xx_HAL_Driver/Src/stm32f7xx_hal.o
                0x0000000008000d88                HAL_Delay
 .text.__NVIC_SetPriorityGrouping
                0x0000000008000dcc       0x48 Drivers/STM32F7xx_HAL_Driver/Src/stm32f7xx_hal_cortex.o
 .text.__NVIC_GetPriorityGrouping
                0x0000000008000e14       0x1c Drivers/STM32F7xx_HAL_Driver/Src/stm32f7xx_hal_cortex.o
 .text.__NVIC_EnableIRQ
                0x0000000008000e30       0x3c Drivers/STM32F7xx_HAL_Driver/Src/stm32f7xx_hal_cortex.o
 .text.__NVIC_SetPriority
                0x0000000008000e6c       0x54 Drivers/STM32F7xx_HAL_Driver/Src/stm32f7xx_hal_cortex.o
 .text.NVIC_EncodePriority
                0x0000000008000ec0       0x66 Drivers/STM32F7xx_HAL_Driver/Src/stm32f7xx_hal_cortex.o
 .text.HAL_NVIC_SetPriorityGrouping
                0x0000000008000f26       0x16 Drivers/STM32F7xx_HAL_Driver/Src/stm32f7xx_hal_cortex.o
                0x0000000008000f26                HAL_NVIC_SetPriorityGrouping
 .text.HAL_NVIC_SetPriority
                0x0000000008000f3c       0x38 Drivers/STM32F7xx_HAL_Driver/Src/stm32f7xx_hal_cortex.o
                0x0000000008000f3c                HAL_NVIC_SetPriority
 .text.HAL_NVIC_EnableIRQ
                0x0000000008000f74       0x1c Drivers/STM32F7xx_HAL_Driver/Src/stm32f7xx_hal_cortex.o
                0x0000000008000f74                HAL_NVIC_EnableIRQ
 .text.HAL_DMA_Init
                0x0000000008000f90      0x15c Drivers/STM32F7xx_HAL_Driver/Src/stm32f7xx_hal_dma.o
                0x0000000008000f90                HAL_DMA_Init
 .text.HAL_DMA_Start_IT
                0x00000000080010ec       0xc0 Drivers/STM32F7xx_HAL_Driver/Src/stm32f7xx_hal_dma.o
                0x00000000080010ec                HAL_DMA_Start_IT
 .text.HAL_DMA_Abort_IT
                0x00000000080011ac       0x44 Drivers/STM32F7xx_HAL_Driver/Src/stm32f7xx_hal_dma.o
                0x00000000080011ac                HAL_DMA_Abort_IT
 .text.HAL_DMA_IRQHandler
                0x00000000080011f0      0x314 Drivers/STM32F7xx_HAL_Driver/Src/stm32f7xx_hal_dma.o
                0x00000000080011f0                HAL_DMA_IRQHandler
 .text.HAL_DMA_GetError
                0x0000000008001504       0x18 Drivers/STM32F7xx_HAL_Driver/Src/stm32f7xx_hal_dma.o
                0x0000000008001504                HAL_DMA_GetError
 .text.DMA_SetConfig
                0x000000000800151c       0x5c Drivers/STM32F7xx_HAL_Driver/Src/stm32f7xx_hal_dma.o
 .text.DMA_CalcBaseAndBitshift
                0x0000000008001578       0x6c Drivers/STM32F7xx_HAL_Driver/Src/stm32f7xx_hal_dma.o
 .text.DMA_CheckFifoParam
                0x00000000080015e4       0xf4 Drivers/STM32F7xx_HAL_Driver/Src/stm32f7xx_hal_dma.o
 .text.HAL_GPIO_Init
                0x00000000080016d8      0x354 Drivers/STM32F7xx_HAL_Driver/Src/stm32f7xx_hal_gpio.o
                0x00000000080016d8                HAL_GPIO_Init
 .text.HAL_GPIO_ReadPin
                0x0000000008001a2c       0x30 Drivers/STM32F7xx_HAL_Driver/Src/stm32f7xx_hal_gpio.o
                0x0000000008001a2c                HAL_GPIO_ReadPin
 .text.HAL_RCC_OscConfig
                0x0000000008001a5c      0x55c Drivers/STM32F7xx_HAL_Driver/Src/stm32f7xx_hal_rcc.o
                0x0000000008001a5c                HAL_RCC_OscConfig
 .text.HAL_RCC_ClockConfig
                0x0000000008001fb8      0x1d8 Drivers/STM32F7xx_HAL_Driver/Src/stm32f7xx_hal_rcc.o
                0x0000000008001fb8                HAL_RCC_ClockConfig
 .text.HAL_RCC_GetSysClockFreq
                0x0000000008002190      0x164 Drivers/STM32F7xx_HAL_Driver/Src/stm32f7xx_hal_rcc.o
                0x0000000008002190                HAL_RCC_GetSysClockFreq
 .text.HAL_RCC_GetHCLKFreq
                0x00000000080022f4       0x18 Drivers/STM32F7xx_HAL_Driver/Src/stm32f7xx_hal_rcc.o
                0x00000000080022f4                HAL_RCC_GetHCLKFreq
 .text.HAL_RCC_GetPCLK1Freq
                0x000000000800230c       0x28 Drivers/STM32F7xx_HAL_Driver/Src/stm32f7xx_hal_rcc.o
                0x000000000800230c                HAL_RCC_GetPCLK1Freq
 .text.HAL_RCC_GetClockConfig
                0x0000000008002334       0x64 Drivers/STM32F7xx_HAL_Driver/Src/stm32f7xx_hal_rcc.o
                0x0000000008002334                HAL_RCC_GetClockConfig
 .text.HAL_RCCEx_PeriphCLKConfig
                0x0000000008002398      0x850 Drivers/STM32F7xx_HAL_Driver/Src/stm32f7xx_hal_rcc_ex.o
                0x0000000008002398                HAL_RCCEx_PeriphCLKConfig
 .text.HAL_SD_Init
                0x0000000008002be8       0x60 Drivers/STM32F7xx_HAL_Driver/Src/stm32f7xx_hal_sd.o
                0x0000000008002be8                HAL_SD_Init
 .text.HAL_SD_InitCard
                0x0000000008002c48      0x110 Drivers/STM32F7xx_HAL_Driver/Src/stm32f7xx_hal_sd.o
                0x0000000008002c48                HAL_SD_InitCard
 .text.HAL_SD_ReadBlocks_DMA
                0x0000000008002d58      0x1c4 Drivers/STM32F7xx_HAL_Driver/Src/stm32f7xx_hal_sd.o
                0x0000000008002d58                HAL_SD_ReadBlocks_DMA
 .text.HAL_SD_WriteBlocks_DMA
                0x0000000008002f1c      0x1cc Drivers/STM32F7xx_HAL_Driver/Src/stm32f7xx_hal_sd.o
                0x0000000008002f1c                HAL_SD_WriteBlocks_DMA
 .text.HAL_SD_IRQHandler
                0x00000000080030e8      0x2ec Drivers/STM32F7xx_HAL_Driver/Src/stm32f7xx_hal_sd.o
                0x00000000080030e8                HAL_SD_IRQHandler
 .text.HAL_SD_ErrorCallback
                0x00000000080033d4       0x14 Drivers/STM32F7xx_HAL_Driver/Src/stm32f7xx_hal_sd.o
                0x00000000080033d4                HAL_SD_ErrorCallback
 .text.HAL_SD_GetCardCSD
                0x00000000080033e8      0x348 Drivers/STM32F7xx_HAL_Driver/Src/stm32f7xx_hal_sd.o
                0x00000000080033e8                HAL_SD_GetCardCSD
 .text.HAL_SD_GetCardInfo
                0x0000000008003730       0x58 Drivers/STM32F7xx_HAL_Driver/Src/stm32f7xx_hal_sd.o
                0x0000000008003730                HAL_SD_GetCardInfo
 .text.HAL_SD_ConfigWideBusOperation
                0x0000000008003788      0x134 Drivers/STM32F7xx_HAL_Driver/Src/stm32f7xx_hal_sd.o
                0x0000000008003788                HAL_SD_ConfigWideBusOperation
 .text.HAL_SD_GetCardState
                0x00000000080038bc       0x40 Drivers/STM32F7xx_HAL_Driver/Src/stm32f7xx_hal_sd.o
                0x00000000080038bc                HAL_SD_GetCardState
 .text.SD_DMATransmitCplt
                0x00000000080038fc       0x2a Drivers/STM32F7xx_HAL_Driver/Src/stm32f7xx_hal_sd.o
 .text.SD_DMAReceiveCplt
                0x0000000008003926       0x70 Drivers/STM32F7xx_HAL_Driver/Src/stm32f7xx_hal_sd.o
 *fill*         0x0000000008003996        0x2 
 .text.SD_DMAError
                0x0000000008003998       0xa4 Drivers/STM32F7xx_HAL_Driver/Src/stm32f7xx_hal_sd.o
 .text.SD_DMATxAbort
                0x0000000008003a3c       0x6e Drivers/STM32F7xx_HAL_Driver/Src/stm32f7xx_hal_sd.o
 .text.SD_DMARxAbort
                0x0000000008003aaa       0x6e Drivers/STM32F7xx_HAL_Driver/Src/stm32f7xx_hal_sd.o
 .text.SD_InitCard
                0x0000000008003b18      0x19a Drivers/STM32F7xx_HAL_Driver/Src/stm32f7xx_hal_sd.o
 *fill*         0x0000000008003cb2        0x2 
 .text.SD_PowerON
                0x0000000008003cb4      0x11c Drivers/STM32F7xx_HAL_Driver/Src/stm32f7xx_hal_sd.o
 .text.SD_SendStatus
                0x0000000008003dd0       0x50 Drivers/STM32F7xx_HAL_Driver/Src/stm32f7xx_hal_sd.o
 .text.SD_WideBus_Enable
                0x0000000008003e20       0x96 Drivers/STM32F7xx_HAL_Driver/Src/stm32f7xx_hal_sd.o
 .text.SD_WideBus_Disable
                0x0000000008003eb6       0x96 Drivers/STM32F7xx_HAL_Driver/Src/stm32f7xx_hal_sd.o
 .text.SD_FindSCR
                0x0000000008003f4c      0x1a6 Drivers/STM32F7xx_HAL_Driver/Src/stm32f7xx_hal_sd.o
 .text.SD_Read_IT
                0x00000000080040f2       0xa2 Drivers/STM32F7xx_HAL_Driver/Src/stm32f7xx_hal_sd.o
 .text.SD_Write_IT
                0x0000000008004194       0xaa Drivers/STM32F7xx_HAL_Driver/Src/stm32f7xx_hal_sd.o
 .text.HAL_TIM_Base_Init
                0x000000000800423e       0xae Drivers/STM32F7xx_HAL_Driver/Src/stm32f7xx_hal_tim.o
                0x000000000800423e                HAL_TIM_Base_Init
 .text.HAL_TIM_Base_MspInit
                0x00000000080042ec       0x14 Drivers/STM32F7xx_HAL_Driver/Src/stm32f7xx_hal_tim.o
                0x00000000080042ec                HAL_TIM_Base_MspInit
 .text.HAL_TIM_Base_Start_IT
                0x0000000008004300       0xf0 Drivers/STM32F7xx_HAL_Driver/Src/stm32f7xx_hal_tim.o
                0x0000000008004300                HAL_TIM_Base_Start_IT
 .text.HAL_TIM_IRQHandler
                0x00000000080043f0      0x23e Drivers/STM32F7xx_HAL_Driver/Src/stm32f7xx_hal_tim.o
                0x00000000080043f0                HAL_TIM_IRQHandler
 .text.HAL_TIM_OC_DelayElapsedCallback
                0x000000000800462e       0x14 Drivers/STM32F7xx_HAL_Driver/Src/stm32f7xx_hal_tim.o
                0x000000000800462e                HAL_TIM_OC_DelayElapsedCallback
 .text.HAL_TIM_IC_CaptureCallback
                0x0000000008004642       0x14 Drivers/STM32F7xx_HAL_Driver/Src/stm32f7xx_hal_tim.o
                0x0000000008004642                HAL_TIM_IC_CaptureCallback
 .text.HAL_TIM_PWM_PulseFinishedCallback
                0x0000000008004656       0x14 Drivers/STM32F7xx_HAL_Driver/Src/stm32f7xx_hal_tim.o
                0x0000000008004656                HAL_TIM_PWM_PulseFinishedCallback
 .text.HAL_TIM_TriggerCallback
                0x000000000800466a       0x14 Drivers/STM32F7xx_HAL_Driver/Src/stm32f7xx_hal_tim.o
                0x000000000800466a                HAL_TIM_TriggerCallback
 *fill*         0x000000000800467e        0x2 
 .text.TIM_Base_SetConfig
                0x0000000008004680      0x140 Drivers/STM32F7xx_HAL_Driver/Src/stm32f7xx_hal_tim.o
                0x0000000008004680                TIM_Base_SetConfig
 .text.HAL_TIMEx_CommutCallback
                0x00000000080047c0       0x14 Drivers/STM32F7xx_HAL_Driver/Src/stm32f7xx_hal_tim_ex.o
                0x00000000080047c0                HAL_TIMEx_CommutCallback
 .text.HAL_TIMEx_BreakCallback
                0x00000000080047d4       0x14 Drivers/STM32F7xx_HAL_Driver/Src/stm32f7xx_hal_tim_ex.o
                0x00000000080047d4                HAL_TIMEx_BreakCallback
 .text.HAL_TIMEx_Break2Callback
                0x00000000080047e8       0x14 Drivers/STM32F7xx_HAL_Driver/Src/stm32f7xx_hal_tim_ex.o
                0x00000000080047e8                HAL_TIMEx_Break2Callback
 .text.SDMMC_Init
                0x00000000080047fc       0x58 Drivers/STM32F7xx_HAL_Driver/Src/stm32f7xx_ll_sdmmc.o
                0x00000000080047fc                SDMMC_Init
 .text.SDMMC_ReadFIFO
                0x0000000008004854       0x1a Drivers/STM32F7xx_HAL_Driver/Src/stm32f7xx_ll_sdmmc.o
                0x0000000008004854                SDMMC_ReadFIFO
 .text.SDMMC_WriteFIFO
                0x000000000800486e       0x22 Drivers/STM32F7xx_HAL_Driver/Src/stm32f7xx_ll_sdmmc.o
                0x000000000800486e                SDMMC_WriteFIFO
 .text.SDMMC_PowerState_ON
                0x0000000008004890       0x1c Drivers/STM32F7xx_HAL_Driver/Src/stm32f7xx_ll_sdmmc.o
                0x0000000008004890                SDMMC_PowerState_ON
 .text.SDMMC_GetPowerState
                0x00000000080048ac       0x1c Drivers/STM32F7xx_HAL_Driver/Src/stm32f7xx_ll_sdmmc.o
                0x00000000080048ac                SDMMC_GetPowerState
 .text.SDMMC_SendCommand
                0x00000000080048c8       0x54 Drivers/STM32F7xx_HAL_Driver/Src/stm32f7xx_ll_sdmmc.o
                0x00000000080048c8                SDMMC_SendCommand
 .text.SDMMC_GetCommandResponse
                0x000000000800491c       0x1a Drivers/STM32F7xx_HAL_Driver/Src/stm32f7xx_ll_sdmmc.o
                0x000000000800491c                SDMMC_GetCommandResponse
 .text.SDMMC_GetResponse
                0x0000000008004936       0x26 Drivers/STM32F7xx_HAL_Driver/Src/stm32f7xx_ll_sdmmc.o
                0x0000000008004936                SDMMC_GetResponse
 .text.SDMMC_ConfigData
                0x000000000800495c       0x58 Drivers/STM32F7xx_HAL_Driver/Src/stm32f7xx_ll_sdmmc.o
                0x000000000800495c                SDMMC_ConfigData
 .text.SDMMC_CmdBlockLength
                0x00000000080049b4       0x44 Drivers/STM32F7xx_HAL_Driver/Src/stm32f7xx_ll_sdmmc.o
                0x00000000080049b4                SDMMC_CmdBlockLength
 .text.SDMMC_CmdReadSingleBlock
                0x00000000080049f8       0x44 Drivers/STM32F7xx_HAL_Driver/Src/stm32f7xx_ll_sdmmc.o
                0x00000000080049f8                SDMMC_CmdReadSingleBlock
 .text.SDMMC_CmdReadMultiBlock
                0x0000000008004a3c       0x44 Drivers/STM32F7xx_HAL_Driver/Src/stm32f7xx_ll_sdmmc.o
                0x0000000008004a3c                SDMMC_CmdReadMultiBlock
 .text.SDMMC_CmdWriteSingleBlock
                0x0000000008004a80       0x44 Drivers/STM32F7xx_HAL_Driver/Src/stm32f7xx_ll_sdmmc.o
                0x0000000008004a80                SDMMC_CmdWriteSingleBlock
 .text.SDMMC_CmdWriteMultiBlock
                0x0000000008004ac4       0x44 Drivers/STM32F7xx_HAL_Driver/Src/stm32f7xx_ll_sdmmc.o
                0x0000000008004ac4                SDMMC_CmdWriteMultiBlock
 .text.SDMMC_CmdStopTransfer
                0x0000000008004b08       0x44 Drivers/STM32F7xx_HAL_Driver/Src/stm32f7xx_ll_sdmmc.o
                0x0000000008004b08                SDMMC_CmdStopTransfer
 .text.SDMMC_CmdSelDesel
                0x0000000008004b4c       0x46 Drivers/STM32F7xx_HAL_Driver/Src/stm32f7xx_ll_sdmmc.o
                0x0000000008004b4c                SDMMC_CmdSelDesel
 .text.SDMMC_CmdGoIdleState
                0x0000000008004b92       0x3c Drivers/STM32F7xx_HAL_Driver/Src/stm32f7xx_ll_sdmmc.o
                0x0000000008004b92                SDMMC_CmdGoIdleState
 .text.SDMMC_CmdOperCond
                0x0000000008004bce       0x3e Drivers/STM32F7xx_HAL_Driver/Src/stm32f7xx_ll_sdmmc.o
                0x0000000008004bce                SDMMC_CmdOperCond
 .text.SDMMC_CmdAppCommand
                0x0000000008004c0c       0x44 Drivers/STM32F7xx_HAL_Driver/Src/stm32f7xx_ll_sdmmc.o
                0x0000000008004c0c                SDMMC_CmdAppCommand
 .text.SDMMC_CmdAppOperCommand
                0x0000000008004c50       0x48 Drivers/STM32F7xx_HAL_Driver/Src/stm32f7xx_ll_sdmmc.o
                0x0000000008004c50                SDMMC_CmdAppOperCommand
 .text.SDMMC_CmdBusWidth
                0x0000000008004c98       0x44 Drivers/STM32F7xx_HAL_Driver/Src/stm32f7xx_ll_sdmmc.o
                0x0000000008004c98                SDMMC_CmdBusWidth
 .text.SDMMC_CmdSendSCR
                0x0000000008004cdc       0x42 Drivers/STM32F7xx_HAL_Driver/Src/stm32f7xx_ll_sdmmc.o
                0x0000000008004cdc                SDMMC_CmdSendSCR
 .text.SDMMC_CmdSendCID
                0x0000000008004d1e       0x3c Drivers/STM32F7xx_HAL_Driver/Src/stm32f7xx_ll_sdmmc.o
                0x0000000008004d1e                SDMMC_CmdSendCID
 .text.SDMMC_CmdSendCSD
                0x0000000008004d5a       0x3e Drivers/STM32F7xx_HAL_Driver/Src/stm32f7xx_ll_sdmmc.o
                0x0000000008004d5a                SDMMC_CmdSendCSD
 .text.SDMMC_CmdSetRelAdd
                0x0000000008004d98       0x42 Drivers/STM32F7xx_HAL_Driver/Src/stm32f7xx_ll_sdmmc.o
                0x0000000008004d98                SDMMC_CmdSetRelAdd
 .text.SDMMC_CmdSendStatus
                0x0000000008004dda       0x44 Drivers/STM32F7xx_HAL_Driver/Src/stm32f7xx_ll_sdmmc.o
                0x0000000008004dda                SDMMC_CmdSendStatus
 *fill*         0x0000000008004e1e        0x2 
 .text.SDMMC_GetCmdResp1
                0x0000000008004e20      0x1dc Drivers/STM32F7xx_HAL_Driver/Src/stm32f7xx_ll_sdmmc.o
                0x0000000008004e20                SDMMC_GetCmdResp1
 .text.SDMMC_GetCmdResp2
                0x0000000008004ffc       0x90 Drivers/STM32F7xx_HAL_Driver/Src/stm32f7xx_ll_sdmmc.o
                0x0000000008004ffc                SDMMC_GetCmdResp2
 .text.SDMMC_GetCmdResp3
                0x000000000800508c       0x7c Drivers/STM32F7xx_HAL_Driver/Src/stm32f7xx_ll_sdmmc.o
                0x000000000800508c                SDMMC_GetCmdResp3
 .text.SDMMC_GetCmdResp6
                0x0000000008005108       0xec Drivers/STM32F7xx_HAL_Driver/Src/stm32f7xx_ll_sdmmc.o
                0x0000000008005108                SDMMC_GetCmdResp6
 .text.SDMMC_GetCmdResp7
                0x00000000080051f4       0x9c Drivers/STM32F7xx_HAL_Driver/Src/stm32f7xx_ll_sdmmc.o
                0x00000000080051f4                SDMMC_GetCmdResp7
 .text.SDMMC_GetCmdError
                0x0000000008005290       0x58 Drivers/STM32F7xx_HAL_Driver/Src/stm32f7xx_ll_sdmmc.o
 .text.MX_FATFS_Init
                0x00000000080052e8       0x24 FATFS/App/fatfs.o
                0x00000000080052e8                MX_FATFS_Init
 .text.get_fattime
                0x000000000800530c       0x10 FATFS/App/fatfs.o
                0x000000000800530c                get_fattime
 .text.BSP_SD_Init
                0x000000000800531c       0x4c FATFS/Target/bsp_driver_sd.o
                0x000000000800531c                BSP_SD_Init
 .text.BSP_SD_ReadBlocks_DMA
                0x0000000008005368       0x34 FATFS/Target/bsp_driver_sd.o
                0x0000000008005368                BSP_SD_ReadBlocks_DMA
 .text.BSP_SD_WriteBlocks_DMA
                0x000000000800539c       0x34 FATFS/Target/bsp_driver_sd.o
                0x000000000800539c                BSP_SD_WriteBlocks_DMA
 .text.BSP_SD_GetCardState
                0x00000000080053d0       0x20 FATFS/Target/bsp_driver_sd.o
                0x00000000080053d0                BSP_SD_GetCardState
 .text.BSP_SD_GetCardInfo
                0x00000000080053f0       0x1c FATFS/Target/bsp_driver_sd.o
                0x00000000080053f0                BSP_SD_GetCardInfo
 .text.HAL_SD_AbortCallback
                0x000000000800540c       0x14 FATFS/Target/bsp_driver_sd.o
                0x000000000800540c                HAL_SD_AbortCallback
 .text.HAL_SD_TxCpltCallback
                0x0000000008005420       0x14 FATFS/Target/bsp_driver_sd.o
                0x0000000008005420                HAL_SD_TxCpltCallback
 .text.HAL_SD_RxCpltCallback
                0x0000000008005434       0x14 FATFS/Target/bsp_driver_sd.o
                0x0000000008005434                HAL_SD_RxCpltCallback
 .text.BSP_SD_AbortCallback
                0x0000000008005448        0xe FATFS/Target/bsp_driver_sd.o
                0x0000000008005448                BSP_SD_AbortCallback
 .text.BSP_SD_IsDetected
                0x0000000008005456       0x24 FATFS/Target/bsp_driver_sd.o
                0x0000000008005456                BSP_SD_IsDetected
 *fill*         0x000000000800547a        0x2 
 .text.BSP_PlatformIsDetected
                0x000000000800547c       0x2c FATFS/Target/fatfs_platform.o
                0x000000000800547c                BSP_PlatformIsDetected
 .text.SD_CheckStatusWithTimeout
                0x00000000080054a8       0x3a FATFS/Target/sd_diskio.o
 *fill*         0x00000000080054e2        0x2 
 .text.SD_CheckStatus
                0x00000000080054e4       0x3c FATFS/Target/sd_diskio.o
 .text.SD_initialize
                0x0000000008005520       0x38 FATFS/Target/sd_diskio.o
                0x0000000008005520                SD_initialize
 .text.SD_status
                0x0000000008005558       0x1c FATFS/Target/sd_diskio.o
                0x0000000008005558                SD_status
 .text.SD_read  0x0000000008005574       0xac FATFS/Target/sd_diskio.o
                0x0000000008005574                SD_read
 .text.SD_write
                0x0000000008005620       0xac FATFS/Target/sd_diskio.o
                0x0000000008005620                SD_write
 .text.SD_ioctl
                0x00000000080056cc       0xb0 FATFS/Target/sd_diskio.o
                0x00000000080056cc                SD_ioctl
 .text.BSP_SD_WriteCpltCallback
                0x000000000800577c       0x18 FATFS/Target/sd_diskio.o
                0x000000000800577c                BSP_SD_WriteCpltCallback
 .text.BSP_SD_ReadCpltCallback
                0x0000000008005794       0x18 FATFS/Target/sd_diskio.o
                0x0000000008005794                BSP_SD_ReadCpltCallback
 .text.disk_status
                0x00000000080057ac       0x34 Middlewares/Third_Party/FatFs/src/diskio.o
                0x00000000080057ac                disk_status
 .text.disk_initialize
                0x00000000080057e0       0x4c Middlewares/Third_Party/FatFs/src/diskio.o
                0x00000000080057e0                disk_initialize
 .text.disk_read
                0x000000000800582c       0x40 Middlewares/Third_Party/FatFs/src/diskio.o
                0x000000000800582c                disk_read
 .text.disk_write
                0x000000000800586c       0x40 Middlewares/Third_Party/FatFs/src/diskio.o
                0x000000000800586c                disk_write
 .text.disk_ioctl
                0x00000000080058ac       0x3c Middlewares/Third_Party/FatFs/src/diskio.o
                0x00000000080058ac                disk_ioctl
 .text.ld_word  0x00000000080058e8       0x30 Middlewares/Third_Party/FatFs/src/ff.o
 .text.ld_dword
                0x0000000008005918       0x46 Middlewares/Third_Party/FatFs/src/ff.o
 .text.st_word  0x000000000800595e       0x36 Middlewares/Third_Party/FatFs/src/ff.o
 .text.st_dword
                0x0000000008005994       0x58 Middlewares/Third_Party/FatFs/src/ff.o
 .text.mem_cpy  0x00000000080059ec       0x42 Middlewares/Third_Party/FatFs/src/ff.o
 .text.mem_set  0x0000000008005a2e       0x34 Middlewares/Third_Party/FatFs/src/ff.o
 .text.mem_cmp  0x0000000008005a62       0x4e Middlewares/Third_Party/FatFs/src/ff.o
 .text.chk_chr  0x0000000008005ab0       0x36 Middlewares/Third_Party/FatFs/src/ff.o
 *fill*         0x0000000008005ae6        0x2 
 .text.chk_lock
                0x0000000008005ae8       0xb8 Middlewares/Third_Party/FatFs/src/ff.o
 .text.enq_lock
                0x0000000008005ba0       0x44 Middlewares/Third_Party/FatFs/src/ff.o
 .text.inc_lock
                0x0000000008005be4      0x11c Middlewares/Third_Party/FatFs/src/ff.o
 .text.dec_lock
                0x0000000008005d00       0x78 Middlewares/Third_Party/FatFs/src/ff.o
 .text.clear_lock
                0x0000000008005d78       0x48 Middlewares/Third_Party/FatFs/src/ff.o
 .text.sync_window
                0x0000000008005dc0       0x88 Middlewares/Third_Party/FatFs/src/ff.o
 .text.move_window
                0x0000000008005e48       0x5a Middlewares/Third_Party/FatFs/src/ff.o
 *fill*         0x0000000008005ea2        0x2 
 .text.sync_fs  0x0000000008005ea4       0xdc Middlewares/Third_Party/FatFs/src/ff.o
 .text.clust2sect
                0x0000000008005f80       0x3e Middlewares/Third_Party/FatFs/src/ff.o
 .text.get_fat  0x0000000008005fbe      0x14a Middlewares/Third_Party/FatFs/src/ff.o
 .text.put_fat  0x0000000008006108      0x1ce Middlewares/Third_Party/FatFs/src/ff.o
 .text.remove_chain
                0x00000000080062d6       0xca Middlewares/Third_Party/FatFs/src/ff.o
 .text.create_chain
                0x00000000080063a0      0x130 Middlewares/Third_Party/FatFs/src/ff.o
 .text.dir_sdi  0x00000000080064d0       0xf6 Middlewares/Third_Party/FatFs/src/ff.o
 .text.dir_next
                0x00000000080065c6      0x18a Middlewares/Third_Party/FatFs/src/ff.o
 .text.dir_alloc
                0x0000000008006750       0x8e Middlewares/Third_Party/FatFs/src/ff.o
 .text.ld_clust
                0x00000000080067de       0x3e Middlewares/Third_Party/FatFs/src/ff.o
 .text.st_clust
                0x000000000800681c       0x40 Middlewares/Third_Party/FatFs/src/ff.o
 .text.cmp_lfn  0x000000000800685c       0xe0 Middlewares/Third_Party/FatFs/src/ff.o
 .text.put_lfn  0x000000000800693c       0xd0 Middlewares/Third_Party/FatFs/src/ff.o
 .text.gen_numname
                0x0000000008006a0c      0x120 Middlewares/Third_Party/FatFs/src/ff.o
 .text.sum_sfn  0x0000000008006b2c       0x42 Middlewares/Third_Party/FatFs/src/ff.o
 .text.dir_find
                0x0000000008006b6e      0x180 Middlewares/Third_Party/FatFs/src/ff.o
 *fill*         0x0000000008006cee        0x2 
 .text.dir_register
                0x0000000008006cf0      0x1f0 Middlewares/Third_Party/FatFs/src/ff.o
 .text.create_name
                0x0000000008006ee0      0x370 Middlewares/Third_Party/FatFs/src/ff.o
 .text.follow_path
                0x0000000008007250       0xe2 Middlewares/Third_Party/FatFs/src/ff.o
 .text.get_ldnumber
                0x0000000008007332       0x88 Middlewares/Third_Party/FatFs/src/ff.o
 *fill*         0x00000000080073ba        0x2 
 .text.check_fs
                0x00000000080073bc       0xac Middlewares/Third_Party/FatFs/src/ff.o
 .text.find_volume
                0x0000000008007468      0x4a4 Middlewares/Third_Party/FatFs/src/ff.o
 .text.validate
                0x000000000800790c       0x6a Middlewares/Third_Party/FatFs/src/ff.o
 *fill*         0x0000000008007976        0x2 
 .text.f_mount  0x0000000008007978       0x8c Middlewares/Third_Party/FatFs/src/ff.o
                0x0000000008007978                f_mount
 .text.f_open   0x0000000008007a04      0x37c Middlewares/Third_Party/FatFs/src/ff.o
                0x0000000008007a04                f_open
 .text.f_sync   0x0000000008007d80       0xfc Middlewares/Third_Party/FatFs/src/ff.o
                0x0000000008007d80                f_sync
 .text.f_close  0x0000000008007e7c       0x54 Middlewares/Third_Party/FatFs/src/ff.o
                0x0000000008007e7c                f_close
 .text.FATFS_LinkDriverEx
                0x0000000008007ed0       0x98 Middlewares/Third_Party/FatFs/src/ff_gen_drv.o
                0x0000000008007ed0                FATFS_LinkDriverEx
 .text.FATFS_LinkDriver
                0x0000000008007f68       0x1e Middlewares/Third_Party/FatFs/src/ff_gen_drv.o
                0x0000000008007f68                FATFS_LinkDriver
 *fill*         0x0000000008007f86        0x2 
 .text.ff_convert
                0x0000000008007f88       0x78 Middlewares/Third_Party/FatFs/src/option/ccsbcs.o
                0x0000000008007f88                ff_convert
 .text.ff_wtoupper
                0x0000000008008000      0x114 Middlewares/Third_Party/FatFs/src/option/ccsbcs.o
                0x0000000008008000                ff_wtoupper
 .text.__libc_init_array
                0x0000000008008114       0x48 d:/st/stm32cubeide_1.5.1/stm32cubeide/plugins/com.st.stm32cube.ide.mcu.externaltools.gnu-tools-for-stm32.7-2018-q2-update.win32_1.5.0.202011040924/tools/bin/../lib/gcc/arm-none-eabi/7.3.1/../../../../arm-none-eabi/lib/thumb/v7e-m/fpv5/hard\libc_nano.a(lib_a-init.o)
                0x0000000008008114                __libc_init_array
 .text.memset   0x000000000800815c       0x10 d:/st/stm32cubeide_1.5.1/stm32cubeide/plugins/com.st.stm32cube.ide.mcu.externaltools.gnu-tools-for-stm32.7-2018-q2-update.win32_1.5.0.202011040924/tools/bin/../lib/gcc/arm-none-eabi/7.3.1/../../../../arm-none-eabi/lib/thumb/v7e-m/fpv5/hard\libc_nano.a(lib_a-memset.o)
                0x000000000800815c                memset
 *(.glue_7)
 .glue_7        0x000000000800816c        0x0 linker stubs
 *(.glue_7t)
 .glue_7t       0x000000000800816c        0x0 linker stubs
 *(.eh_frame)
 .eh_frame      0x000000000800816c        0x0 d:/st/stm32cubeide_1.5.1/stm32cubeide/plugins/com.st.stm32cube.ide.mcu.externaltools.gnu-tools-for-stm32.7-2018-q2-update.win32_1.5.0.202011040924/tools/bin/../lib/gcc/arm-none-eabi/7.3.1/thumb/v7e-m/fpv5/hard/crtbegin.o
 *(.init)
 .init          0x000000000800816c        0x4 d:/st/stm32cubeide_1.5.1/stm32cubeide/plugins/com.st.stm32cube.ide.mcu.externaltools.gnu-tools-for-stm32.7-2018-q2-update.win32_1.5.0.202011040924/tools/bin/../lib/gcc/arm-none-eabi/7.3.1/thumb/v7e-m/fpv5/hard/crti.o
                0x000000000800816c                _init
 .init          0x0000000008008170        0x8 d:/st/stm32cubeide_1.5.1/stm32cubeide/plugins/com.st.stm32cube.ide.mcu.externaltools.gnu-tools-for-stm32.7-2018-q2-update.win32_1.5.0.202011040924/tools/bin/../lib/gcc/arm-none-eabi/7.3.1/thumb/v7e-m/fpv5/hard/crtn.o
 *(.fini)
 .fini          0x0000000008008178        0x4 d:/st/stm32cubeide_1.5.1/stm32cubeide/plugins/com.st.stm32cube.ide.mcu.externaltools.gnu-tools-for-stm32.7-2018-q2-update.win32_1.5.0.202011040924/tools/bin/../lib/gcc/arm-none-eabi/7.3.1/thumb/v7e-m/fpv5/hard/crti.o
                0x0000000008008178                _fini
 .fini          0x000000000800817c        0x8 d:/st/stm32cubeide_1.5.1/stm32cubeide/plugins/com.st.stm32cube.ide.mcu.externaltools.gnu-tools-for-stm32.7-2018-q2-update.win32_1.5.0.202011040924/tools/bin/../lib/gcc/arm-none-eabi/7.3.1/thumb/v7e-m/fpv5/hard/crtn.o
                0x0000000008008184                . = ALIGN (0x4)
                0x0000000008008184                _etext = .

.vfp11_veneer   0x0000000008008184        0x0
 .vfp11_veneer  0x0000000008008184        0x0 linker stubs

.v4_bx          0x0000000008008184        0x0
 .v4_bx         0x0000000008008184        0x0 linker stubs

.iplt           0x0000000008008184        0x0
 .iplt          0x0000000008008184        0x0 d:/st/stm32cubeide_1.5.1/stm32cubeide/plugins/com.st.stm32cube.ide.mcu.externaltools.gnu-tools-for-stm32.7-2018-q2-update.win32_1.5.0.202011040924/tools/bin/../lib/gcc/arm-none-eabi/7.3.1/thumb/v7e-m/fpv5/hard/crtbegin.o

.rodata         0x0000000008008184      0x500
                0x0000000008008184                . = ALIGN (0x4)
 *(.rodata)
 .rodata        0x0000000008008184       0x41 Core/Src/main.o
 *fill*         0x00000000080081c5        0x3 
 .rodata        0x00000000080081c8       0x48 Middlewares/Third_Party/FatFs/src/ff.o
 *(.rodata*)
 .rodata.AHBPrescTable
                0x0000000008008210       0x10 Core/Src/system_stm32f7xx.o
                0x0000000008008210                AHBPrescTable
 .rodata.APBPrescTable
                0x0000000008008220        0x8 Core/Src/system_stm32f7xx.o
                0x0000000008008220                APBPrescTable
 .rodata.flagBitshiftOffset.9115
                0x0000000008008228        0x8 Drivers/STM32F7xx_HAL_Driver/Src/stm32f7xx_hal_dma.o
 .rodata.SD_Driver
                0x0000000008008230       0x14 FATFS/Target/sd_diskio.o
                0x0000000008008230                SD_Driver
 .rodata.ExCvt  0x0000000008008244       0x80 Middlewares/Third_Party/FatFs/src/ff.o
 .rodata.LfnOfs
                0x00000000080082c4        0xd Middlewares/Third_Party/FatFs/src/ff.o
 *fill*         0x00000000080082d1        0x3 
 .rodata.Tbl    0x00000000080082d4      0x100 Middlewares/Third_Party/FatFs/src/option/ccsbcs.o
 .rodata.cvt1.9857
                0x00000000080083d4      0x1f2 Middlewares/Third_Party/FatFs/src/option/ccsbcs.o
 *fill*         0x00000000080085c6        0x2 
 .rodata.cvt2.9858
                0x00000000080085c8       0xbc Middlewares/Third_Party/FatFs/src/option/ccsbcs.o
                0x0000000008008684                . = ALIGN (0x4)

.ARM.extab      0x0000000008008684        0x0
                0x0000000008008684                . = ALIGN (0x4)
 *(.ARM.extab* .gnu.linkonce.armextab.*)
                0x0000000008008684                . = ALIGN (0x4)

.ARM            0x0000000008008684        0x8
                0x0000000008008684                . = ALIGN (0x4)
                0x0000000008008684                __exidx_start = .
 *(.ARM.exidx*)
 .ARM.exidx     0x0000000008008684        0x8 d:/st/stm32cubeide_1.5.1/stm32cubeide/plugins/com.st.stm32cube.ide.mcu.externaltools.gnu-tools-for-stm32.7-2018-q2-update.win32_1.5.0.202011040924/tools/bin/../lib/gcc/arm-none-eabi/7.3.1/thumb/v7e-m/fpv5/hard\libgcc.a(_udivmoddi4.o)
                0x000000000800868c                __exidx_end = .
                0x000000000800868c                . = ALIGN (0x4)

.rel.dyn        0x000000000800868c        0x0
 .rel.iplt      0x000000000800868c        0x0 d:/st/stm32cubeide_1.5.1/stm32cubeide/plugins/com.st.stm32cube.ide.mcu.externaltools.gnu-tools-for-stm32.7-2018-q2-update.win32_1.5.0.202011040924/tools/bin/../lib/gcc/arm-none-eabi/7.3.1/thumb/v7e-m/fpv5/hard/crtbegin.o

.preinit_array  0x000000000800868c        0x0
                0x000000000800868c                . = ALIGN (0x4)
                0x000000000800868c                PROVIDE (__preinit_array_start = .)
 *(.preinit_array*)
                0x000000000800868c                PROVIDE (__preinit_array_end = .)
                0x000000000800868c                . = ALIGN (0x4)

.init_array     0x000000000800868c        0x4
                0x000000000800868c                . = ALIGN (0x4)
                0x000000000800868c                PROVIDE (__init_array_start = .)
 *(SORT_BY_NAME(.init_array.*))
 *(.init_array*)
 .init_array    0x000000000800868c        0x4 d:/st/stm32cubeide_1.5.1/stm32cubeide/plugins/com.st.stm32cube.ide.mcu.externaltools.gnu-tools-for-stm32.7-2018-q2-update.win32_1.5.0.202011040924/tools/bin/../lib/gcc/arm-none-eabi/7.3.1/thumb/v7e-m/fpv5/hard/crtbegin.o
                0x0000000008008690                PROVIDE (__init_array_end = .)
                0x0000000008008690                . = ALIGN (0x4)

.fini_array     0x0000000008008690        0x4
                0x0000000008008690                . = ALIGN (0x4)
                [!provide]                        PROVIDE (__fini_array_start = .)
 *(SORT_BY_NAME(.fini_array.*))
 *(.fini_array*)
 .fini_array    0x0000000008008690        0x4 d:/st/stm32cubeide_1.5.1/stm32cubeide/plugins/com.st.stm32cube.ide.mcu.externaltools.gnu-tools-for-stm32.7-2018-q2-update.win32_1.5.0.202011040924/tools/bin/../lib/gcc/arm-none-eabi/7.3.1/thumb/v7e-m/fpv5/hard/crtbegin.o
                [!provide]                        PROVIDE (__fini_array_end = .)
                0x0000000008008694                . = ALIGN (0x4)
                0x0000000008008694                _sidata = LOADADDR (.data)

.data           0x0000000020000000        0xc load address 0x0000000008008694
                0x0000000020000000                . = ALIGN (0x4)
                0x0000000020000000                _sdata = .
 *(.data)
 *(.data*)
 .data.SystemCoreClock
                0x0000000020000000        0x4 Core/Src/system_stm32f7xx.o
                0x0000000020000000                SystemCoreClock
 .data.uwTickPrio
                0x0000000020000004        0x4 Drivers/STM32F7xx_HAL_Driver/Src/stm32f7xx_hal.o
                0x0000000020000004                uwTickPrio
 .data.uwTickFreq
                0x0000000020000008        0x1 Drivers/STM32F7xx_HAL_Driver/Src/stm32f7xx_hal.o
                0x0000000020000008                uwTickFreq
 .data.Stat     0x0000000020000009        0x1 FATFS/Target/sd_diskio.o
 *(.RamFunc)
 *(.RamFunc*)
                0x000000002000000c                . = ALIGN (0x4)
 *fill*         0x000000002000000a        0x2 
                0x000000002000000c                _edata = .

.igot.plt       0x000000002000000c        0x0 load address 0x00000000080086a0
 .igot.plt      0x000000002000000c        0x0 d:/st/stm32cubeide_1.5.1/stm32cubeide/plugins/com.st.stm32cube.ide.mcu.externaltools.gnu-tools-for-stm32.7-2018-q2-update.win32_1.5.0.202011040924/tools/bin/../lib/gcc/arm-none-eabi/7.3.1/thumb/v7e-m/fpv5/hard/crtbegin.o
                0x000000002000000c                . = ALIGN (0x4)

.bss            0x000000002000000c      0x858 load address 0x00000000080086a0
                0x000000002000000c                _sbss = .
                0x000000002000000c                __bss_start__ = _sbss
 *(.bss)
 .bss           0x000000002000000c       0x1c d:/st/stm32cubeide_1.5.1/stm32cubeide/plugins/com.st.stm32cube.ide.mcu.externaltools.gnu-tools-for-stm32.7-2018-q2-update.win32_1.5.0.202011040924/tools/bin/../lib/gcc/arm-none-eabi/7.3.1/thumb/v7e-m/fpv5/hard/crtbegin.o
 *(.bss*)
 .bss.WriteStatus
                0x0000000020000028        0x4 FATFS/Target/sd_diskio.o
 .bss.ReadStatus
                0x000000002000002c        0x4 FATFS/Target/sd_diskio.o
 .bss.FatFs     0x0000000020000030        0x4 Middlewares/Third_Party/FatFs/src/ff.o
 .bss.Fsid      0x0000000020000034        0x2 Middlewares/Third_Party/FatFs/src/ff.o
 *fill*         0x0000000020000036        0x2 
 .bss.Files     0x0000000020000038       0x20 Middlewares/Third_Party/FatFs/src/ff.o
 .bss.LfnBuf    0x0000000020000058      0x200 Middlewares/Third_Party/FatFs/src/ff.o
 .bss.disk      0x0000000020000258        0xc Middlewares/Third_Party/FatFs/src/ff_gen_drv.o
                0x0000000020000258                disk
 *(COMMON)
 COMMON         0x0000000020000264      0x144 Core/Src/main.o
                0x0000000020000264                hdma_sdmmc2_tx
                0x00000000200002c4                hsd2
                0x0000000020000348                hdma_sdmmc2_rx
 COMMON         0x00000000200003a8       0x4c Core/Src/stm32f7xx_hal_timebase_tim.o
                0x00000000200003a8                htim3
 COMMON         0x00000000200003f4        0x4 Drivers/STM32F7xx_HAL_Driver/Src/stm32f7xx_hal.o
                0x00000000200003f4                uwTick
 COMMON         0x00000000200003f8      0x46c FATFS/App/fatfs.o
                0x00000000200003f8                retSD
                0x00000000200003fc                SDPath
                0x0000000020000400                SDFile
                0x0000000020000630                SDFatFS
                0x0000000020000864                . = ALIGN (0x4)
                0x0000000020000864                _ebss = .
                0x0000000020000864                __bss_end__ = _ebss

._user_heap_stack
                0x0000000020000864      0xc04 load address 0x00000000080086a0
                0x0000000020000868                . = ALIGN (0x8)
 *fill*         0x0000000020000864        0x4 
                [!provide]                        PROVIDE (end = .)
                0x0000000020000868                PROVIDE (_end = .)
                0x0000000020000c68                . = (. + _Min_Heap_Size)
 *fill*         0x0000000020000868      0x400 
                0x0000000020001468                . = (. + _Min_Stack_Size)
 *fill*         0x0000000020000c68      0x800 
                0x0000000020001468                . = ALIGN (0x8)

/DISCARD/
 libc.a(*)
 libm.a(*)
 libgcc.a(*)

.ARM.attributes
                0x0000000000000000       0x2e
 *(.ARM.attributes)
 .ARM.attributes
                0x0000000000000000       0x20 d:/st/stm32cubeide_1.5.1/stm32cubeide/plugins/com.st.stm32cube.ide.mcu.externaltools.gnu-tools-for-stm32.7-2018-q2-update.win32_1.5.0.202011040924/tools/bin/../lib/gcc/arm-none-eabi/7.3.1/thumb/v7e-m/fpv5/hard/crti.o
 .ARM.attributes
                0x0000000000000020       0x32 d:/st/stm32cubeide_1.5.1/stm32cubeide/plugins/com.st.stm32cube.ide.mcu.externaltools.gnu-tools-for-stm32.7-2018-q2-update.win32_1.5.0.202011040924/tools/bin/../lib/gcc/arm-none-eabi/7.3.1/thumb/v7e-m/fpv5/hard/crtbegin.o
 .ARM.attributes
                0x0000000000000052       0x37 Core/Src/main.o
 .ARM.attributes
                0x0000000000000089       0x37 Core/Src/stm32f7xx_hal_msp.o
 .ARM.attributes
                0x00000000000000c0       0x37 Core/Src/stm32f7xx_hal_timebase_tim.o
 .ARM.attributes
                0x00000000000000f7       0x37 Core/Src/stm32f7xx_it.o
 .ARM.attributes
                0x000000000000012e       0x37 Core/Src/system_stm32f7xx.o
 .ARM.attributes
                0x0000000000000165       0x21 Core/Startup/startup_stm32f767zitx.o
 .ARM.attributes
                0x0000000000000186       0x37 Drivers/STM32F7xx_HAL_Driver/Src/stm32f7xx_hal.o
 .ARM.attributes
                0x00000000000001bd       0x37 Drivers/STM32F7xx_HAL_Driver/Src/stm32f7xx_hal_cortex.o
 .ARM.attributes
                0x00000000000001f4       0x37 Drivers/STM32F7xx_HAL_Driver/Src/stm32f7xx_hal_dma.o
 .ARM.attributes
                0x000000000000022b       0x37 Drivers/STM32F7xx_HAL_Driver/Src/stm32f7xx_hal_gpio.o
 .ARM.attributes
                0x0000000000000262       0x37 Drivers/STM32F7xx_HAL_Driver/Src/stm32f7xx_hal_rcc.o
 .ARM.attributes
                0x0000000000000299       0x37 Drivers/STM32F7xx_HAL_Driver/Src/stm32f7xx_hal_rcc_ex.o
 .ARM.attributes
                0x00000000000002d0       0x37 Drivers/STM32F7xx_HAL_Driver/Src/stm32f7xx_hal_sd.o
 .ARM.attributes
                0x0000000000000307       0x37 Drivers/STM32F7xx_HAL_Driver/Src/stm32f7xx_hal_tim.o
 .ARM.attributes
                0x000000000000033e       0x37 Drivers/STM32F7xx_HAL_Driver/Src/stm32f7xx_hal_tim_ex.o
 .ARM.attributes
                0x0000000000000375       0x37 Drivers/STM32F7xx_HAL_Driver/Src/stm32f7xx_ll_sdmmc.o
 .ARM.attributes
                0x00000000000003ac       0x37 FATFS/App/fatfs.o
 .ARM.attributes
                0x00000000000003e3       0x37 FATFS/Target/bsp_driver_sd.o
 .ARM.attributes
                0x000000000000041a       0x37 FATFS/Target/fatfs_platform.o
 .ARM.attributes
                0x0000000000000451       0x37 FATFS/Target/sd_diskio.o
 .ARM.attributes
                0x0000000000000488       0x37 Middlewares/Third_Party/FatFs/src/diskio.o
 .ARM.attributes
                0x00000000000004bf       0x37 Middlewares/Third_Party/FatFs/src/ff.o
 .ARM.attributes
                0x00000000000004f6       0x37 Middlewares/Third_Party/FatFs/src/ff_gen_drv.o
 .ARM.attributes
                0x000000000000052d       0x37 Middlewares/Third_Party/FatFs/src/option/ccsbcs.o
 .ARM.attributes
                0x0000000000000564       0x32 d:/st/stm32cubeide_1.5.1/stm32cubeide/plugins/com.st.stm32cube.ide.mcu.externaltools.gnu-tools-for-stm32.7-2018-q2-update.win32_1.5.0.202011040924/tools/bin/../lib/gcc/arm-none-eabi/7.3.1/../../../../arm-none-eabi/lib/thumb/v7e-m/fpv5/hard\libc_nano.a(lib_a-init.o)
 .ARM.attributes
                0x0000000000000596       0x32 d:/st/stm32cubeide_1.5.1/stm32cubeide/plugins/com.st.stm32cube.ide.mcu.externaltools.gnu-tools-for-stm32.7-2018-q2-update.win32_1.5.0.202011040924/tools/bin/../lib/gcc/arm-none-eabi/7.3.1/../../../../arm-none-eabi/lib/thumb/v7e-m/fpv5/hard\libc_nano.a(lib_a-memset.o)
 .ARM.attributes
                0x00000000000005c8       0x20 d:/st/stm32cubeide_1.5.1/stm32cubeide/plugins/com.st.stm32cube.ide.mcu.externaltools.gnu-tools-for-stm32.7-2018-q2-update.win32_1.5.0.202011040924/tools/bin/../lib/gcc/arm-none-eabi/7.3.1/thumb/v7e-m/fpv5/hard\libgcc.a(_aeabi_uldivmod.o)
 .ARM.attributes
                0x00000000000005e8       0x32 d:/st/stm32cubeide_1.5.1/stm32cubeide/plugins/com.st.stm32cube.ide.mcu.externaltools.gnu-tools-for-stm32.7-2018-q2-update.win32_1.5.0.202011040924/tools/bin/../lib/gcc/arm-none-eabi/7.3.1/thumb/v7e-m/fpv5/hard\libgcc.a(_udivmoddi4.o)
 .ARM.attributes
                0x000000000000061a       0x20 d:/st/stm32cubeide_1.5.1/stm32cubeide/plugins/com.st.stm32cube.ide.mcu.externaltools.gnu-tools-for-stm32.7-2018-q2-update.win32_1.5.0.202011040924/tools/bin/../lib/gcc/arm-none-eabi/7.3.1/thumb/v7e-m/fpv5/hard\libgcc.a(_dvmd_tls.o)
 .ARM.attributes
                0x000000000000063a       0x20 d:/st/stm32cubeide_1.5.1/stm32cubeide/plugins/com.st.stm32cube.ide.mcu.externaltools.gnu-tools-for-stm32.7-2018-q2-update.win32_1.5.0.202011040924/tools/bin/../lib/gcc/arm-none-eabi/7.3.1/thumb/v7e-m/fpv5/hard/crtn.o
OUTPUT(host_sdcard.elf elf32-littlearm)

.debug_info     0x0000000000000000    0x173b1
 .debug_info    0x0000000000000000     0x22ad Core/Src/main.o
 .debug_info    0x00000000000022ad      0xddd Core/Src/stm32f7xx_hal_msp.o
 .debug_info    0x000000000000308a      0xcf8 Core/Src/stm32f7xx_hal_timebase_tim.o
 .debug_info    0x0000000000003d82      0xb82 Core/Src/stm32f7xx_it.o
 .debug_info    0x0000000000004904      0x73d Core/Src/system_stm32f7xx.o
 .debug_info    0x0000000000005041       0x22 Core/Startup/startup_stm32f767zitx.o
 .debug_info    0x0000000000005063      0xa46 Drivers/STM32F7xx_HAL_Driver/Src/stm32f7xx_hal.o
 .debug_info    0x0000000000005aa9     0x108c Drivers/STM32F7xx_HAL_Driver/Src/stm32f7xx_hal_cortex.o
 .debug_info    0x0000000000006b35      0x968 Drivers/STM32F7xx_HAL_Driver/Src/stm32f7xx_hal_dma.o
 .debug_info    0x000000000000749d      0x7f8 Drivers/STM32F7xx_HAL_Driver/Src/stm32f7xx_hal_gpio.o
 .debug_info    0x0000000000007c95      0x996 Drivers/STM32F7xx_HAL_Driver/Src/stm32f7xx_hal_rcc.o
 .debug_info    0x000000000000862b      0x7d1 Drivers/STM32F7xx_HAL_Driver/Src/stm32f7xx_hal_rcc_ex.o
 .debug_info    0x0000000000008dfc     0x18bd Drivers/STM32F7xx_HAL_Driver/Src/stm32f7xx_hal_sd.o
 .debug_info    0x000000000000a6b9     0x2ad7 Drivers/STM32F7xx_HAL_Driver/Src/stm32f7xx_hal_tim.o
 .debug_info    0x000000000000d190     0x163f Drivers/STM32F7xx_HAL_Driver/Src/stm32f7xx_hal_tim_ex.o
 .debug_info    0x000000000000e7cf     0x11a2 Drivers/STM32F7xx_HAL_Driver/Src/stm32f7xx_ll_sdmmc.o
 .debug_info    0x000000000000f971      0xda3 FATFS/App/fatfs.o
 .debug_info    0x0000000000010714      0xa35 FATFS/Target/bsp_driver_sd.o
 .debug_info    0x0000000000011149      0x265 FATFS/Target/fatfs_platform.o
 .debug_info    0x00000000000113ae      0xdbe FATFS/Target/sd_diskio.o
 .debug_info    0x000000000001216c      0xcdc Middlewares/Third_Party/FatFs/src/diskio.o
 .debug_info    0x0000000000012e48     0x2e2e Middlewares/Third_Party/FatFs/src/ff.o
 .debug_info    0x0000000000015c76      0xc74 Middlewares/Third_Party/FatFs/src/ff_gen_drv.o
 .debug_info    0x00000000000168ea      0xac7 Middlewares/Third_Party/FatFs/src/option/ccsbcs.o

.debug_abbrev   0x0000000000000000     0x2e68
 .debug_abbrev  0x0000000000000000      0x2eb Core/Src/main.o
 .debug_abbrev  0x00000000000002eb      0x195 Core/Src/stm32f7xx_hal_msp.o
 .debug_abbrev  0x0000000000000480      0x19d Core/Src/stm32f7xx_hal_timebase_tim.o
 .debug_abbrev  0x000000000000061d      0x169 Core/Src/stm32f7xx_it.o
 .debug_abbrev  0x0000000000000786      0x147 Core/Src/system_stm32f7xx.o
 .debug_abbrev  0x00000000000008cd       0x12 Core/Startup/startup_stm32f767zitx.o
 .debug_abbrev  0x00000000000008df      0x1c7 Drivers/STM32F7xx_HAL_Driver/Src/stm32f7xx_hal.o
 .debug_abbrev  0x0000000000000aa6      0x2fa Drivers/STM32F7xx_HAL_Driver/Src/stm32f7xx_hal_cortex.o
 .debug_abbrev  0x0000000000000da0      0x229 Drivers/STM32F7xx_HAL_Driver/Src/stm32f7xx_hal_dma.o
 .debug_abbrev  0x0000000000000fc9      0x1c9 Drivers/STM32F7xx_HAL_Driver/Src/stm32f7xx_hal_gpio.o
 .debug_abbrev  0x0000000000001192      0x268 Drivers/STM32F7xx_HAL_Driver/Src/stm32f7xx_hal_rcc.o
 .debug_abbrev  0x00000000000013fa      0x1ad Drivers/STM32F7xx_HAL_Driver/Src/stm32f7xx_hal_rcc_ex.o
 .debug_abbrev  0x00000000000015a7      0x23d Drivers/STM32F7xx_HAL_Driver/Src/stm32f7xx_hal_sd.o
 .debug_abbrev  0x00000000000017e4      0x230 Drivers/STM32F7xx_HAL_Driver/Src/stm32f7xx_hal_tim.o
 .debug_abbrev  0x0000000000001a14      0x236 Drivers/STM32F7xx_HAL_Driver/Src/stm32f7xx_hal_tim_ex.o
 .debug_abbrev  0x0000000000001c4a      0x1b9 Drivers/STM32F7xx_HAL_Driver/Src/stm32f7xx_ll_sdmmc.o
 .debug_abbrev  0x0000000000001e03      0x1df FATFS/App/fatfs.o
 .debug_abbrev  0x0000000000001fe2      0x245 FATFS/Target/bsp_driver_sd.o
 .debug_abbrev  0x0000000000002227       0xf7 FATFS/Target/fatfs_platform.o
 .debug_abbrev  0x000000000000231e      0x284 FATFS/Target/sd_diskio.o
 .debug_abbrev  0x00000000000025a2      0x209 Middlewares/Third_Party/FatFs/src/diskio.o
 .debug_abbrev  0x00000000000027ab      0x298 Middlewares/Third_Party/FatFs/src/ff.o
 .debug_abbrev  0x0000000000002a43      0x236 Middlewares/Third_Party/FatFs/src/ff_gen_drv.o
 .debug_abbrev  0x0000000000002c79      0x1ef Middlewares/Third_Party/FatFs/src/option/ccsbcs.o

.debug_aranges  0x0000000000000000     0x11d8
 .debug_aranges
                0x0000000000000000       0x50 Core/Src/main.o
 .debug_aranges
                0x0000000000000050       0x30 Core/Src/stm32f7xx_hal_msp.o
 .debug_aranges
                0x0000000000000080       0x30 Core/Src/stm32f7xx_hal_timebase_tim.o
 .debug_aranges
                0x00000000000000b0       0x80 Core/Src/stm32f7xx_it.o
 .debug_aranges
                0x0000000000000130       0x28 Core/Src/system_stm32f7xx.o
 .debug_aranges
                0x0000000000000158       0x28 Core/Startup/startup_stm32f767zitx.o
 .debug_aranges
                0x0000000000000180      0x110 Drivers/STM32F7xx_HAL_Driver/Src/stm32f7xx_hal.o
 .debug_aranges
                0x0000000000000290      0x118 Drivers/STM32F7xx_HAL_Driver/Src/stm32f7xx_hal_cortex.o
 .debug_aranges
                0x00000000000003a8       0x90 Drivers/STM32F7xx_HAL_Driver/Src/stm32f7xx_hal_dma.o
 .debug_aranges
                0x0000000000000438       0x58 Drivers/STM32F7xx_HAL_Driver/Src/stm32f7xx_hal_gpio.o
 .debug_aranges
                0x0000000000000490       0x88 Drivers/STM32F7xx_HAL_Driver/Src/stm32f7xx_hal_rcc.o
 .debug_aranges
                0x0000000000000518       0x50 Drivers/STM32F7xx_HAL_Driver/Src/stm32f7xx_hal_rcc_ex.o
 .debug_aranges
                0x0000000000000568      0x168 Drivers/STM32F7xx_HAL_Driver/Src/stm32f7xx_hal_sd.o
 .debug_aranges
                0x00000000000006d0      0x3e0 Drivers/STM32F7xx_HAL_Driver/Src/stm32f7xx_hal_tim.o
 .debug_aranges
                0x0000000000000ab0      0x180 Drivers/STM32F7xx_HAL_Driver/Src/stm32f7xx_hal_tim_ex.o
 .debug_aranges
                0x0000000000000c30      0x188 Drivers/STM32F7xx_HAL_Driver/Src/stm32f7xx_ll_sdmmc.o
 .debug_aranges
                0x0000000000000db8       0x28 FATFS/App/fatfs.o
 .debug_aranges
                0x0000000000000de0       0x98 FATFS/Target/bsp_driver_sd.o
 .debug_aranges
                0x0000000000000e78       0x20 FATFS/Target/fatfs_platform.o
 .debug_aranges
                0x0000000000000e98       0x60 FATFS/Target/sd_diskio.o
 .debug_aranges
                0x0000000000000ef8       0x48 Middlewares/Third_Party/FatFs/src/diskio.o
 .debug_aranges
                0x0000000000000f40      0x230 Middlewares/Third_Party/FatFs/src/ff.o
 .debug_aranges
                0x0000000000001170       0x40 Middlewares/Third_Party/FatFs/src/ff_gen_drv.o
 .debug_aranges
                0x00000000000011b0       0x28 Middlewares/Third_Party/FatFs/src/option/ccsbcs.o

.debug_ranges   0x0000000000000000     0x1060
 .debug_ranges  0x0000000000000000       0x40 Core/Src/main.o
 .debug_ranges  0x0000000000000040       0x20 Core/Src/stm32f7xx_hal_msp.o
 .debug_ranges  0x0000000000000060       0x20 Core/Src/stm32f7xx_hal_timebase_tim.o
 .debug_ranges  0x0000000000000080       0x70 Core/Src/stm32f7xx_it.o
 .debug_ranges  0x00000000000000f0       0x18 Core/Src/system_stm32f7xx.o
 .debug_ranges  0x0000000000000108       0x20 Core/Startup/startup_stm32f767zitx.o
 .debug_ranges  0x0000000000000128      0x100 Drivers/STM32F7xx_HAL_Driver/Src/stm32f7xx_hal.o
 .debug_ranges  0x0000000000000228      0x108 Drivers/STM32F7xx_HAL_Driver/Src/stm32f7xx_hal_cortex.o
 .debug_ranges  0x0000000000000330       0x80 Drivers/STM32F7xx_HAL_Driver/Src/stm32f7xx_hal_dma.o
 .debug_ranges  0x00000000000003b0       0x48 Drivers/STM32F7xx_HAL_Driver/Src/stm32f7xx_hal_gpio.o
 .debug_ranges  0x00000000000003f8       0x78 Drivers/STM32F7xx_HAL_Driver/Src/stm32f7xx_hal_rcc.o
 .debug_ranges  0x0000000000000470       0x40 Drivers/STM32F7xx_HAL_Driver/Src/stm32f7xx_hal_rcc_ex.o
 .debug_ranges  0x00000000000004b0      0x158 Drivers/STM32F7xx_HAL_Driver/Src/stm32f7xx_hal_sd.o
 .debug_ranges  0x0000000000000608      0x3d0 Drivers/STM32F7xx_HAL_Driver/Src/stm32f7xx_hal_tim.o
 .debug_ranges  0x00000000000009d8      0x170 Drivers/STM32F7xx_HAL_Driver/Src/stm32f7xx_hal_tim_ex.o
 .debug_ranges  0x0000000000000b48      0x178 Drivers/STM32F7xx_HAL_Driver/Src/stm32f7xx_ll_sdmmc.o
 .debug_ranges  0x0000000000000cc0       0x18 FATFS/App/fatfs.o
 .debug_ranges  0x0000000000000cd8       0x88 FATFS/Target/bsp_driver_sd.o
 .debug_ranges  0x0000000000000d60       0x10 FATFS/Target/fatfs_platform.o
 .debug_ranges  0x0000000000000d70       0x50 FATFS/Target/sd_diskio.o
 .debug_ranges  0x0000000000000dc0       0x38 Middlewares/Third_Party/FatFs/src/diskio.o
 .debug_ranges  0x0000000000000df8      0x220 Middlewares/Third_Party/FatFs/src/ff.o
 .debug_ranges  0x0000000000001018       0x30 Middlewares/Third_Party/FatFs/src/ff_gen_drv.o
 .debug_ranges  0x0000000000001048       0x18 Middlewares/Third_Party/FatFs/src/option/ccsbcs.o

.debug_macro    0x0000000000000000    0x29ae8
 .debug_macro   0x0000000000000000      0x322 Core/Src/main.o
 .debug_macro   0x0000000000000322      0xa66 Core/Src/main.o
 .debug_macro   0x0000000000000d88      0x293 Core/Src/main.o
 .debug_macro   0x000000000000101b       0x2e Core/Src/main.o
 .debug_macro   0x0000000000001049       0x3b Core/Src/main.o
 .debug_macro   0x0000000000001084       0x22 Core/Src/main.o
 .debug_macro   0x00000000000010a6       0x8e Core/Src/main.o
 .debug_macro   0x0000000000001134       0x51 Core/Src/main.o
 .debug_macro   0x0000000000001185       0xef Core/Src/main.o
 .debug_macro   0x0000000000001274       0x6a Core/Src/main.o
 .debug_macro   0x00000000000012de      0x1df Core/Src/main.o
 .debug_macro   0x00000000000014bd       0x1c Core/Src/main.o
 .debug_macro   0x00000000000014d9       0x22 Core/Src/main.o
 .debug_macro   0x00000000000014fb       0xdf Core/Src/main.o
 .debug_macro   0x00000000000015da     0x12cd Core/Src/main.o
 .debug_macro   0x00000000000028a7      0x11f Core/Src/main.o
 .debug_macro   0x00000000000029c6       0x19 Core/Src/main.o
 .debug_macro   0x00000000000029df    0x1a9dd Core/Src/main.o
 .debug_macro   0x000000000001d3bc       0x6d Core/Src/main.o
 .debug_macro   0x000000000001d429     0x3714 Core/Src/main.o
 .debug_macro   0x0000000000020b3d      0x174 Core/Src/main.o
 .debug_macro   0x0000000000020cb1       0x63 Core/Src/main.o
 .debug_macro   0x0000000000020d14     0x1add Core/Src/main.o
 .debug_macro   0x00000000000227f1      0x6c4 Core/Src/main.o
 .debug_macro   0x0000000000022eb5      0x18b Core/Src/main.o
 .debug_macro   0x0000000000023040      0x115 Core/Src/main.o
 .debug_macro   0x0000000000023155      0x26e Core/Src/main.o
 .debug_macro   0x00000000000233c3       0xa5 Core/Src/main.o
 .debug_macro   0x0000000000023468      0x24f Core/Src/main.o
 .debug_macro   0x00000000000236b7       0x71 Core/Src/main.o
 .debug_macro   0x0000000000023728       0x58 Core/Src/main.o
 .debug_macro   0x0000000000023780      0x236 Core/Src/main.o
 .debug_macro   0x00000000000239b6      0x14e Core/Src/main.o
 .debug_macro   0x0000000000023b04      0x3db Core/Src/main.o
 .debug_macro   0x0000000000023edf       0x12 Core/Src/main.o
 .debug_macro   0x0000000000023ef1      0x22c Core/Src/main.o
 .debug_macro   0x000000000002411d       0x61 Core/Src/main.o
 .debug_macro   0x000000000002417e       0xa5 Core/Src/main.o
 .debug_macro   0x0000000000024223      0x12e Core/Src/main.o
 .debug_macro   0x0000000000024351      0x108 Core/Src/main.o
 .debug_macro   0x0000000000024459       0x35 Core/Src/main.o
 .debug_macro   0x000000000002448e      0x773 Core/Src/main.o
 .debug_macro   0x0000000000024c01      0x1d5 Core/Src/main.o
 .debug_macro   0x0000000000024dd6      0xa6e Core/Src/main.o
 .debug_macro   0x0000000000025844       0xa9 Core/Src/main.o
 .debug_macro   0x00000000000258ed      0x15b Core/Src/main.o
 .debug_macro   0x0000000000025a48       0x1c Core/Src/main.o
 .debug_macro   0x0000000000025a64       0x3a Core/Src/main.o
 .debug_macro   0x0000000000025a9e       0xe5 Core/Src/main.o
 .debug_macro   0x0000000000025b83       0x17 Core/Src/main.o
 .debug_macro   0x0000000000025b9a       0x46 Core/Src/main.o
 .debug_macro   0x0000000000025be0       0x3c Core/Src/main.o
 .debug_macro   0x0000000000025c1c       0x34 Core/Src/main.o
 .debug_macro   0x0000000000025c50       0x16 Core/Src/main.o
 .debug_macro   0x0000000000025c66       0x35 Core/Src/main.o
 .debug_macro   0x0000000000025c9b       0x52 Core/Src/main.o
 .debug_macro   0x0000000000025ced       0x1f Core/Src/main.o
 .debug_macro   0x0000000000025d0c       0x43 Core/Src/main.o
 .debug_macro   0x0000000000025d4f       0x20 Core/Src/main.o
 .debug_macro   0x0000000000025d6f      0x1a3 Core/Src/main.o
 .debug_macro   0x0000000000025f12      0x32a Core/Src/main.o
 .debug_macro   0x000000000002623c       0x16 Core/Src/main.o
 .debug_macro   0x0000000000026252       0x29 Core/Src/main.o
 .debug_macro   0x000000000002627b       0x12 Core/Src/main.o
 .debug_macro   0x000000000002628d       0xe2 Core/Src/main.o
 .debug_macro   0x000000000002636f       0x8e Core/Src/main.o
 .debug_macro   0x00000000000263fd      0x1f2 Core/Src/stm32f7xx_hal_msp.o
 .debug_macro   0x00000000000265ef      0x1e8 Core/Src/stm32f7xx_hal_timebase_tim.o
 .debug_macro   0x00000000000267d7      0x1fc Core/Src/stm32f7xx_it.o
 .debug_macro   0x00000000000269d3      0x1e8 Core/Src/system_stm32f7xx.o
 .debug_macro   0x0000000000026bbb      0x20c Drivers/STM32F7xx_HAL_Driver/Src/stm32f7xx_hal.o
 .debug_macro   0x0000000000026dc7      0x1e8 Drivers/STM32F7xx_HAL_Driver/Src/stm32f7xx_hal_cortex.o
 .debug_macro   0x0000000000026faf      0x1ee Drivers/STM32F7xx_HAL_Driver/Src/stm32f7xx_hal_dma.o
 .debug_macro   0x000000000002719d      0x1ee Drivers/STM32F7xx_HAL_Driver/Src/stm32f7xx_hal_gpio.o
 .debug_macro   0x000000000002738b      0x20c Drivers/STM32F7xx_HAL_Driver/Src/stm32f7xx_hal_rcc.o
 .debug_macro   0x0000000000027597      0x1e8 Drivers/STM32F7xx_HAL_Driver/Src/stm32f7xx_hal_rcc_ex.o
 .debug_macro   0x000000000002777f      0x1e9 Drivers/STM32F7xx_HAL_Driver/Src/stm32f7xx_hal_sd.o
 .debug_macro   0x0000000000027968      0x1e9 Drivers/STM32F7xx_HAL_Driver/Src/stm32f7xx_hal_tim.o
 .debug_macro   0x0000000000027b51      0x1e8 Drivers/STM32F7xx_HAL_Driver/Src/stm32f7xx_hal_tim_ex.o
 .debug_macro   0x0000000000027d39      0x1e9 Drivers/STM32F7xx_HAL_Driver/Src/stm32f7xx_ll_sdmmc.o
 .debug_macro   0x0000000000027f22      0x322 FATFS/App/fatfs.o
 .debug_macro   0x0000000000028244      0x200 FATFS/Target/bsp_driver_sd.o
 .debug_macro   0x0000000000028444      0x1f7 FATFS/Target/fatfs_platform.o
 .debug_macro   0x000000000002863b      0x355 FATFS/Target/sd_diskio.o
 .debug_macro   0x0000000000028990       0x16 FATFS/Target/sd_diskio.o
 .debug_macro   0x00000000000289a6       0x7c FATFS/Target/sd_diskio.o
 .debug_macro   0x0000000000028a22       0x16 FATFS/Target/sd_diskio.o
 .debug_macro   0x0000000000028a38       0x20 FATFS/Target/sd_diskio.o
 .debug_macro   0x0000000000028a58      0x30f Middlewares/Third_Party/FatFs/src/diskio.o
 .debug_macro   0x0000000000028d67      0x71d Middlewares/Third_Party/FatFs/src/ff.o
 .debug_macro   0x0000000000029484       0x58 Middlewares/Third_Party/FatFs/src/ff.o
 .debug_macro   0x00000000000294dc      0x30f Middlewares/Third_Party/FatFs/src/ff_gen_drv.o
 .debug_macro   0x00000000000297eb      0x2fd Middlewares/Third_Party/FatFs/src/option/ccsbcs.o

.debug_line     0x0000000000000000    0x112b0
 .debug_line    0x0000000000000000      0x9a4 Core/Src/main.o
 .debug_line    0x00000000000009a4      0x75b Core/Src/stm32f7xx_hal_msp.o
 .debug_line    0x00000000000010ff      0x71b Core/Src/stm32f7xx_hal_timebase_tim.o
 .debug_line    0x000000000000181a      0x7d6 Core/Src/stm32f7xx_it.o
 .debug_line    0x0000000000001ff0      0x6ff Core/Src/system_stm32f7xx.o
 .debug_line    0x00000000000026ef       0x88 Core/Startup/startup_stm32f767zitx.o
 .debug_line    0x0000000000002777      0x933 Drivers/STM32F7xx_HAL_Driver/Src/stm32f7xx_hal.o
 .debug_line    0x00000000000030aa      0xa10 Drivers/STM32F7xx_HAL_Driver/Src/stm32f7xx_hal_cortex.o
 .debug_line    0x0000000000003aba      0x9b6 Drivers/STM32F7xx_HAL_Driver/Src/stm32f7xx_hal_dma.o
 .debug_line    0x0000000000004470      0x8df Drivers/STM32F7xx_HAL_Driver/Src/stm32f7xx_hal_gpio.o
 .debug_line    0x0000000000004d4f      0x999 Drivers/STM32F7xx_HAL_Driver/Src/stm32f7xx_hal_rcc.o
 .debug_line    0x00000000000056e8      0x910 Drivers/STM32F7xx_HAL_Driver/Src/stm32f7xx_hal_rcc_ex.o
 .debug_line    0x0000000000005ff8      0xfed Drivers/STM32F7xx_HAL_Driver/Src/stm32f7xx_hal_sd.o
 .debug_line    0x0000000000006fe5     0x265f Drivers/STM32F7xx_HAL_Driver/Src/stm32f7xx_hal_tim.o
 .debug_line    0x0000000000009644     0x139f Drivers/STM32F7xx_HAL_Driver/Src/stm32f7xx_hal_tim_ex.o
 .debug_line    0x000000000000a9e3      0xbc3 Drivers/STM32F7xx_HAL_Driver/Src/stm32f7xx_ll_sdmmc.o
 .debug_line    0x000000000000b5a6      0x8e4 FATFS/App/fatfs.o
 .debug_line    0x000000000000be8a      0x826 FATFS/Target/bsp_driver_sd.o
 .debug_line    0x000000000000c6b0      0x6f5 FATFS/Target/fatfs_platform.o
 .debug_line    0x000000000000cda5      0x9ed FATFS/Target/sd_diskio.o
 .debug_line    0x000000000000d792      0x90e Middlewares/Third_Party/FatFs/src/diskio.o
 .debug_line    0x000000000000e0a0     0x1fc6 Middlewares/Third_Party/FatFs/src/ff.o
 .debug_line    0x0000000000010066      0x90e Middlewares/Third_Party/FatFs/src/ff_gen_drv.o
 .debug_line    0x0000000000010974      0x93c Middlewares/Third_Party/FatFs/src/option/ccsbcs.o

.debug_str      0x0000000000000000    0xfbdd3
 .debug_str     0x0000000000000000    0xf754a Core/Src/main.o
                                      0xf7e5e (size before relaxing)
 .debug_str     0x00000000000f754a       0x4c Core/Src/stm32f7xx_hal_msp.o
                                      0xf3c8c (size before relaxing)
 .debug_str     0x00000000000f7596       0xaa Core/Src/stm32f7xx_hal_timebase_tim.o
                                      0xf3d75 (size before relaxing)
 .debug_str     0x00000000000f7640      0x10f Core/Src/stm32f7xx_it.o
                                      0xf3884 (size before relaxing)
 .debug_str     0x00000000000f774f      0x178 Core/Src/system_stm32f7xx.o
                                      0xf321e (size before relaxing)
 .debug_str     0x00000000000f78c7       0x36 Core/Startup/startup_stm32f767zitx.o
                                         0x74 (size before relaxing)
 .debug_str     0x00000000000f78fd      0x37c Drivers/STM32F7xx_HAL_Driver/Src/stm32f7xx_hal.o
                                      0xf3bbc (size before relaxing)
 .debug_str     0x00000000000f7c79      0x38f Drivers/STM32F7xx_HAL_Driver/Src/stm32f7xx_hal_cortex.o
                                      0xf3c28 (size before relaxing)
 .debug_str     0x00000000000f8008      0x328 Drivers/STM32F7xx_HAL_Driver/Src/stm32f7xx_hal_dma.o
                                      0xf356d (size before relaxing)
 .debug_str     0x00000000000f8330      0x164 Drivers/STM32F7xx_HAL_Driver/Src/stm32f7xx_hal_gpio.o
                                      0xf3308 (size before relaxing)
 .debug_str     0x00000000000f8494      0x275 Drivers/STM32F7xx_HAL_Driver/Src/stm32f7xx_hal_rcc.o
                                      0xf3567 (size before relaxing)
 .debug_str     0x00000000000f8709      0x169 Drivers/STM32F7xx_HAL_Driver/Src/stm32f7xx_hal_rcc_ex.o
                                      0xf351c (size before relaxing)
 .debug_str     0x00000000000f8872      0x6e2 Drivers/STM32F7xx_HAL_Driver/Src/stm32f7xx_hal_sd.o
                                      0xf3c2d (size before relaxing)
 .debug_str     0x00000000000f8f54      0xe60 Drivers/STM32F7xx_HAL_Driver/Src/stm32f7xx_hal_tim.o
                                      0xf44cd (size before relaxing)
 .debug_str     0x00000000000f9db4      0x64d Drivers/STM32F7xx_HAL_Driver/Src/stm32f7xx_hal_tim_ex.o
                                      0xf3d91 (size before relaxing)
 .debug_str     0x00000000000fa401      0x470 Drivers/STM32F7xx_HAL_Driver/Src/stm32f7xx_ll_sdmmc.o
                                      0xf35ee (size before relaxing)
 .debug_str     0x00000000000fa871       0x2f FATFS/App/fatfs.o
                                      0xf68e4 (size before relaxing)
 .debug_str     0x00000000000fa8a0      0x154 FATFS/Target/bsp_driver_sd.o
                                      0xf376c (size before relaxing)
 .debug_str     0x00000000000fa9f4       0x53 FATFS/Target/fatfs_platform.o
                                      0xf30b6 (size before relaxing)
 .debug_str     0x00000000000faa47      0x144 FATFS/Target/sd_diskio.o
                                      0xf69a1 (size before relaxing)
 .debug_str     0x00000000000fab8b       0x57 Middlewares/Third_Party/FatFs/src/diskio.o
                                      0xf6803 (size before relaxing)
 .debug_str     0x00000000000fabe2     0x10ef Middlewares/Third_Party/FatFs/src/ff.o
                                      0xf7ab1 (size before relaxing)
 .debug_str     0x00000000000fbcd1       0xa2 Middlewares/Third_Party/FatFs/src/ff_gen_drv.o
                                      0xf6854 (size before relaxing)
 .debug_str     0x00000000000fbd73       0x60 Middlewares/Third_Party/FatFs/src/option/ccsbcs.o
                                      0xf65ea (size before relaxing)

.comment        0x0000000000000000       0x7b
 .comment       0x0000000000000000       0x7b Core/Src/main.o
                                         0x7c (size before relaxing)
 .comment       0x000000000000007b       0x7c Core/Src/stm32f7xx_hal_msp.o
 .comment       0x000000000000007b       0x7c Core/Src/stm32f7xx_hal_timebase_tim.o
 .comment       0x000000000000007b       0x7c Core/Src/stm32f7xx_it.o
 .comment       0x000000000000007b       0x7c Core/Src/system_stm32f7xx.o
 .comment       0x000000000000007b       0x7c Drivers/STM32F7xx_HAL_Driver/Src/stm32f7xx_hal.o
 .comment       0x000000000000007b       0x7c Drivers/STM32F7xx_HAL_Driver/Src/stm32f7xx_hal_cortex.o
 .comment       0x000000000000007b       0x7c Drivers/STM32F7xx_HAL_Driver/Src/stm32f7xx_hal_dma.o
 .comment       0x000000000000007b       0x7c Drivers/STM32F7xx_HAL_Driver/Src/stm32f7xx_hal_gpio.o
 .comment       0x000000000000007b       0x7c Drivers/STM32F7xx_HAL_Driver/Src/stm32f7xx_hal_rcc.o
 .comment       0x000000000000007b       0x7c Drivers/STM32F7xx_HAL_Driver/Src/stm32f7xx_hal_rcc_ex.o
 .comment       0x000000000000007b       0x7c Drivers/STM32F7xx_HAL_Driver/Src/stm32f7xx_hal_sd.o
 .comment       0x000000000000007b       0x7c Drivers/STM32F7xx_HAL_Driver/Src/stm32f7xx_hal_tim.o
 .comment       0x000000000000007b       0x7c Drivers/STM32F7xx_HAL_Driver/Src/stm32f7xx_hal_tim_ex.o
 .comment       0x000000000000007b       0x7c Drivers/STM32F7xx_HAL_Driver/Src/stm32f7xx_ll_sdmmc.o
 .comment       0x000000000000007b       0x7c FATFS/App/fatfs.o
 .comment       0x000000000000007b       0x7c FATFS/Target/bsp_driver_sd.o
 .comment       0x000000000000007b       0x7c FATFS/Target/fatfs_platform.o
 .comment       0x000000000000007b       0x7c FATFS/Target/sd_diskio.o
 .comment       0x000000000000007b       0x7c Middlewares/Third_Party/FatFs/src/diskio.o
 .comment       0x000000000000007b       0x7c Middlewares/Third_Party/FatFs/src/ff.o
 .comment       0x000000000000007b       0x7c Middlewares/Third_Party/FatFs/src/ff_gen_drv.o
 .comment       0x000000000000007b       0x7c Middlewares/Third_Party/FatFs/src/option/ccsbcs.o

.debug_frame    0x0000000000000000     0x49b8
 .debug_frame   0x0000000000000000      0x100 Core/Src/main.o
 .debug_frame   0x0000000000000100       0x84 Core/Src/stm32f7xx_hal_msp.o
 .debug_frame   0x0000000000000184       0x74 Core/Src/stm32f7xx_hal_timebase_tim.o
 .debug_frame   0x00000000000001f8      0x178 Core/Src/stm32f7xx_it.o
 .debug_frame   0x0000000000000370       0x58 Core/Src/system_stm32f7xx.o
 .debug_frame   0x00000000000003c8      0x3f4 Drivers/STM32F7xx_HAL_Driver/Src/stm32f7xx_hal.o
 .debug_frame   0x00000000000007bc      0x498 Drivers/STM32F7xx_HAL_Driver/Src/stm32f7xx_hal_cortex.o
 .debug_frame   0x0000000000000c54      0x250 Drivers/STM32F7xx_HAL_Driver/Src/stm32f7xx_hal_dma.o
 .debug_frame   0x0000000000000ea4      0x14c Drivers/STM32F7xx_HAL_Driver/Src/stm32f7xx_hal_gpio.o
 .debug_frame   0x0000000000000ff0      0x1f4 Drivers/STM32F7xx_HAL_Driver/Src/stm32f7xx_hal_rcc.o
 .debug_frame   0x00000000000011e4      0x118 Drivers/STM32F7xx_HAL_Driver/Src/stm32f7xx_hal_rcc_ex.o
 .debug_frame   0x00000000000012fc      0x650 Drivers/STM32F7xx_HAL_Driver/Src/stm32f7xx_hal_sd.o
 .debug_frame   0x000000000000194c     0x121c Drivers/STM32F7xx_HAL_Driver/Src/stm32f7xx_hal_tim.o
 .debug_frame   0x0000000000002b68      0x6b0 Drivers/STM32F7xx_HAL_Driver/Src/stm32f7xx_hal_tim_ex.o
 .debug_frame   0x0000000000003218      0x6d0 Drivers/STM32F7xx_HAL_Driver/Src/stm32f7xx_ll_sdmmc.o
 .debug_frame   0x00000000000038e8       0x4c FATFS/App/fatfs.o
 .debug_frame   0x0000000000003934      0x238 FATFS/Target/bsp_driver_sd.o
 .debug_frame   0x0000000000003b6c       0x34 FATFS/Target/fatfs_platform.o
 .debug_frame   0x0000000000003ba0      0x14c FATFS/Target/sd_diskio.o
 .debug_frame   0x0000000000003cec       0xec Middlewares/Third_Party/FatFs/src/diskio.o
 .debug_frame   0x0000000000003dd8      0xa0c Middlewares/Third_Party/FatFs/src/ff.o
 .debug_frame   0x00000000000047e4       0xc8 Middlewares/Third_Party/FatFs/src/ff_gen_drv.o
 .debug_frame   0x00000000000048ac       0x60 Middlewares/Third_Party/FatFs/src/option/ccsbcs.o
 .debug_frame   0x000000000000490c       0x2c d:/st/stm32cubeide_1.5.1/stm32cubeide/plugins/com.st.stm32cube.ide.mcu.externaltools.gnu-tools-for-stm32.7-2018-q2-update.win32_1.5.0.202011040924/tools/bin/../lib/gcc/arm-none-eabi/7.3.1/../../../../arm-none-eabi/lib/thumb/v7e-m/fpv5/hard\libc_nano.a(lib_a-init.o)
 .debug_frame   0x0000000000004938       0x20 d:/st/stm32cubeide_1.5.1/stm32cubeide/plugins/com.st.stm32cube.ide.mcu.externaltools.gnu-tools-for-stm32.7-2018-q2-update.win32_1.5.0.202011040924/tools/bin/../lib/gcc/arm-none-eabi/7.3.1/../../../../arm-none-eabi/lib/thumb/v7e-m/fpv5/hard\libc_nano.a(lib_a-memset.o)
 .debug_frame   0x0000000000004958       0x2c d:/st/stm32cubeide_1.5.1/stm32cubeide/plugins/com.st.stm32cube.ide.mcu.externaltools.gnu-tools-for-stm32.7-2018-q2-update.win32_1.5.0.202011040924/tools/bin/../lib/gcc/arm-none-eabi/7.3.1/thumb/v7e-m/fpv5/hard\libgcc.a(_aeabi_uldivmod.o)
 .debug_frame   0x0000000000004984       0x34 d:/st/stm32cubeide_1.5.1/stm32cubeide/plugins/com.st.stm32cube.ide.mcu.externaltools.gnu-tools-for-stm32.7-2018-q2-update.win32_1.5.0.202011040924/tools/bin/../lib/gcc/arm-none-eabi/7.3.1/thumb/v7e-m/fpv5/hard\libgcc.a(_udivmoddi4.o)
